Component: Arm Compiler for Embedded 6.24 Tool: armlink [5f371500]

==============================================================================

Section Cross References

    startup_stm32f103xb.o(STACK) refers (Special) to heapauxi.o(.text) for __use_two_region_memory
    startup_stm32f103xb.o(HEAP) refers (Special) to heapauxi.o(.text) for __use_two_region_memory
    startup_stm32f103xb.o(RESET) refers (Special) to heapauxi.o(.text) for __use_two_region_memory
    startup_stm32f103xb.o(RESET) refers to startup_stm32f103xb.o(STACK) for __initial_sp
    startup_stm32f103xb.o(RESET) refers to startup_stm32f103xb.o(.text) for Reset_Handler
    startup_stm32f103xb.o(RESET) refers to stm32f1xx_it.o(.text.NMI_Handler) for NMI_Handler
    startup_stm32f103xb.o(RESET) refers to stm32f1xx_it.o(.text.HardFault_Handler) for HardFault_Handler
    startup_stm32f103xb.o(RESET) refers to stm32f1xx_it.o(.text.MemManage_Handler) for MemManage_Handler
    startup_stm32f103xb.o(RESET) refers to stm32f1xx_it.o(.text.BusFault_Handler) for BusFault_Handler
    startup_stm32f103xb.o(RESET) refers to stm32f1xx_it.o(.text.UsageFault_Handler) for UsageFault_Handler
    startup_stm32f103xb.o(RESET) refers to stm32f1xx_it.o(.text.SVC_Handler) for SVC_Handler
    startup_stm32f103xb.o(RESET) refers to stm32f1xx_it.o(.text.DebugMon_Handler) for DebugMon_Handler
    startup_stm32f103xb.o(RESET) refers to stm32f1xx_it.o(.text.PendSV_Handler) for PendSV_Handler
    startup_stm32f103xb.o(RESET) refers to stm32f1xx_it.o(.text.SysTick_Handler) for SysTick_Handler
    startup_stm32f103xb.o(RESET) refers to stm32f1xx_it.o(.text.USB_LP_CAN1_RX0_IRQHandler) for USB_LP_CAN1_RX0_IRQHandler
    startup_stm32f103xb.o(.text) refers (Special) to heapauxi.o(.text) for __use_two_region_memory
    startup_stm32f103xb.o(.text) refers to system_stm32f1xx.o(.text.SystemInit) for SystemInit
    startup_stm32f103xb.o(.text) refers to __main.o(!!!main) for __main
    startup_stm32f103xb.o(.text) refers to startup_stm32f103xb.o(HEAP) for Heap_Mem
    startup_stm32f103xb.o(.text) refers to startup_stm32f103xb.o(STACK) for Stack_Mem
    main.o(.text.main) refers to stm32f1xx_hal.o(.text.HAL_Init) for HAL_Init
    main.o(.text.main) refers to main.o(.text.SystemClock_Config) for SystemClock_Config
    main.o(.text.main) refers to gpio.o(.text.MX_GPIO_Init) for MX_GPIO_Init
    main.o(.text.main) refers to spi.o(.text.MX_SPI1_Init) for MX_SPI1_Init
    main.o(.text.main) refers to usb_device.o(.text.MX_USB_DEVICE_Init) for MX_USB_DEVICE_Init
    main.o(.text.main) refers to usart.o(.text.MX_USART1_UART_Init) for MX_USART1_UART_Init
    main.o(.text.main) refers to stm32f1xx_hal.o(.text.HAL_Delay) for HAL_Delay
    main.o(.text.main) refers to main.o(.bss.uart_tx_buf) for uart_tx_buf
    main.o(.text.main) refers to main.o(.rodata.str1.1) for .L.str
    main.o(.text.main) refers to sprintf.o(.text) for sprintf
    main.o(.text.main) refers to main.o(.bss.dac) for dac
    main.o(.text.main) refers to spi.o(.bss.hspi1) for hspi1
    main.o(.text.main) refers to dac5688.o(.text.DAC5688_Init) for DAC5688_Init
    main.o(.text.main) refers to strlen.o(.text) for strlen
    main.o(.text.main) refers to usart.o(.bss.huart1) for huart1
    main.o(.text.main) refers to stm32f1xx_hal_uart.o(.text.HAL_UART_Transmit) for HAL_UART_Transmit
    main.o(.text.main) refers to dac5688.o(.text.DAC5688_SetMixer) for DAC5688_SetMixer
    main.o(.text.main) refers to dac5688.o(.text.DAC5688_ReadStatus) for DAC5688_ReadStatus
    main.o(.ARM.exidx.text.main) refers to main.o(.text.main) for [Anonymous Symbol]
    main.o(.text.SystemClock_Config) refers to rt_memclr_w.o(.text) for __aeabi_memclr4
    main.o(.text.SystemClock_Config) refers to stm32f1xx_hal_rcc.o(.text.HAL_RCC_OscConfig) for HAL_RCC_OscConfig
    main.o(.text.SystemClock_Config) refers to main.o(.text.Error_Handler) for Error_Handler
    main.o(.text.SystemClock_Config) refers to stm32f1xx_hal_rcc.o(.text.HAL_RCC_ClockConfig) for HAL_RCC_ClockConfig
    main.o(.text.SystemClock_Config) refers to stm32f1xx_hal_rcc_ex.o(.text.HAL_RCCEx_PeriphCLKConfig) for HAL_RCCEx_PeriphCLKConfig
    main.o(.ARM.exidx.text.SystemClock_Config) refers to main.o(.text.SystemClock_Config) for [Anonymous Symbol]
    main.o(.ARM.exidx.text.Error_Handler) refers to main.o(.text.Error_Handler) for [Anonymous Symbol]
    gpio.o(.text.MX_GPIO_Init) refers to stm32f1xx_hal_gpio.o(.text.HAL_GPIO_WritePin) for HAL_GPIO_WritePin
    gpio.o(.text.MX_GPIO_Init) refers to stm32f1xx_hal_gpio.o(.text.HAL_GPIO_Init) for HAL_GPIO_Init
    gpio.o(.ARM.exidx.text.MX_GPIO_Init) refers to gpio.o(.text.MX_GPIO_Init) for [Anonymous Symbol]
    spi.o(.text.MX_SPI1_Init) refers to spi.o(.bss.hspi1) for hspi1
    spi.o(.text.MX_SPI1_Init) refers to stm32f1xx_hal_spi.o(.text.HAL_SPI_Init) for HAL_SPI_Init
    spi.o(.text.MX_SPI1_Init) refers to main.o(.text.Error_Handler) for Error_Handler
[...]
    _printf_d                                0x08000201   Thumb Code     0  _printf_d.o(.ARM.Collect$$_printf_percent$$00000009)
    _printf_u                                0x08000207   Thumb Code     0  _printf_u.o(.ARM.Collect$$_printf_percent$$0000000A)
    _printf_o                                0x0800020d   Thumb Code     0  _printf_o.o(.ARM.Collect$$_printf_percent$$0000000B)
    _printf_x                                0x08000213   Thumb Code     0  _printf_x.o(.ARM.Collect$$_printf_percent$$0000000C)
    _printf_lli                              0x08000219   Thumb Code     0  _printf_lli.o(.ARM.Collect$$_printf_percent$$0000000D)
    _printf_lld                              0x0800021f   Thumb Code     0  _printf_lld.o(.ARM.Collect$$_printf_percent$$0000000E)
    _printf_llu                              0x08000225   Thumb Code     0  _printf_llu.o(.ARM.Collect$$_printf_percent$$0000000F)
    _printf_llo                              0x0800022b   Thumb Code     0  _printf_llo.o(.ARM.Collect$$_printf_percent$$00000010)
    _printf_llx                              0x08000231   Thumb Code     0  _printf_llx.o(.ARM.Collect$$_printf_percent$$00000011)
    _printf_l                                0x08000237   Thumb Code     0  _printf_l.o(.ARM.Collect$$_printf_percent$$00000012)
    _printf_c                                0x08000241   Thumb Code     0  _printf_c.o(.ARM.Collect$$_printf_percent$$00000013)
    _printf_s                                0x08000247   Thumb Code     0  _printf_s.o(.ARM.Collect$$_printf_percent$$00000014)
    _printf_lc                               0x0800024d   Thumb Code     0  _printf_lc.o(.ARM.Collect$$_printf_percent$$00000015)
    _printf_ls                               0x08000253   Thumb Code     0  _printf_ls.o(.ARM.Collect$$_printf_percent$$00000016)
    _printf_percent_end                      0x08000259   Thumb Code     0  _printf_percent_end.o(.ARM.Collect$$_printf_percent$$00000017)
    __rt_lib_init                            0x0800025d   Thumb Code     0  libinit.o(.ARM.Collect$$libinit$$00000000)
    __rt_lib_init_fp_1                       0x0800025f   Thumb Code     0  libinit2.o(.ARM.Collect$$libinit$$00000002)
    __rt_lib_init_heap_1                     0x0800025f   Thumb Code     0  libinit2.o(.ARM.Collect$$libinit$$0000000C)
    __rt_lib_init_lc_common                  0x0800025f   Thumb Code     0  libinit2.o(.ARM.Collect$$libinit$$00000011)
    __rt_lib_init_preinit_1                  0x0800025f   Thumb Code     0  libinit2.o(.ARM.Collect$$libinit$$00000006)
    __rt_lib_init_rand_1                     0x0800025f   Thumb Code     0  libinit2.o(.ARM.Collect$$libinit$$00000010)
    __rt_lib_init_relocate_pie_1             0x0800025f   Thumb Code     0  libinit2.o(.ARM.Collect$$libinit$$00000004)
    __rt_lib_init_user_alloc_1               0x0800025f   Thumb Code     0  libinit2.o(.ARM.Collect$$libinit$$0000000E)
    __rt_lib_init_lc_collate_1               0x08000265   Thumb Code     0  libinit2.o(.ARM.Collect$$libinit$$00000013)
    __rt_lib_init_lc_ctype_2                 0x08000265   Thumb Code     0  libinit2.o(.ARM.Collect$$libinit$$00000014)
    __rt_lib_init_lc_ctype_1                 0x08000271   Thumb Code     0  libinit2.o(.ARM.Collect$$libinit$$00000015)
    __rt_lib_init_lc_monetary_1              0x08000271   Thumb Code     0  libinit2.o(.ARM.Collect$$libinit$$00000017)
    __rt_lib_init_lc_numeric_2               0x08000271   Thumb Code     0  libinit2.o(.ARM.Collect$$libinit$$00000018)
    __rt_lib_init_alloca_1                   0x0800027b   Thumb Code     0  libinit2.o(.ARM.Collect$$libinit$$00000030)
    __rt_lib_init_argv_1                     0x0800027b   Thumb Code     0  libinit2.o(.ARM.Collect$$libinit$$0000002E)
    __rt_lib_init_atexit_1                   0x0800027b   Thumb Code     0  libinit2.o(.ARM.Collect$$libinit$$0000001D)
    __rt_lib_init_clock_1                    0x0800027b   Thumb Code     0  libinit2.o(.ARM.Collect$$libinit$$00000023)
    __rt_lib_init_cpp_1                      0x0800027b   Thumb Code     0  libinit2.o(.ARM.Collect$$libinit$$00000034)
    __rt_lib_init_exceptions_1               0x0800027b   Thumb Code     0  libinit2.o(.ARM.Collect$$libinit$$00000032)
    __rt_lib_init_fp_trap_1                  0x0800027b   Thumb Code     0  libinit2.o(.ARM.Collect$$libinit$$00000021)
    __rt_lib_init_getenv_1                   0x0800027b   Thumb Code     0  libinit2.o(.ARM.Collect$$libinit$$00000025)
    __rt_lib_init_lc_numeric_1               0x0800027b   Thumb Code     0  libinit2.o(.ARM.Collect$$libinit$$00000019)
    __rt_lib_init_lc_time_1                  0x0800027b   Thumb Code     0  libinit2.o(.ARM.Collect$$libinit$$0000001B)
    __rt_lib_init_return                     0x0800027b   Thumb Code     0  libinit2.o(.ARM.Collect$$libinit$$00000035)
    __rt_lib_init_signal_1                   0x0800027b   Thumb Code     0  libinit2.o(.ARM.Collect$$libinit$$0000001F)
    __rt_lib_init_stdio_1                    0x0800027b   Thumb Code     0  libinit2.o(.ARM.Collect$$libinit$$00000027)
    __rt_lib_shutdown                        0x0800027d   Thumb Code     0  libshutdown.o(.ARM.Collect$$libshutdown$$00000000)
    __rt_lib_shutdown_cpp_1                  0x0800027f   Thumb Code     0  libshutdown2.o(.ARM.Collect$$libshutdown$$00000002)
    __rt_lib_shutdown_fp_trap_1              0x0800027f   Thumb Code     0  libshutdown2.o(.ARM.Collect$$libshutdown$$00000007)
    __rt_lib_shutdown_heap_1                 0x0800027f   Thumb Code     0  libshutdown2.o(.ARM.Collect$$libshutdown$$0000000F)
    __rt_lib_shutdown_return                 0x0800027f   Thumb Code     0  libshutdown2.o(.ARM.Collect$$libshutdown$$00000010)
    __rt_lib_shutdown_signal_1               0x0800027f   Thumb Code     0  libshutdown2.o(.ARM.Collect$$libshutdown$$0000000A)
    __rt_lib_shutdown_stdio_1                0x0800027f   Thumb Code     0  libshutdown2.o(.ARM.Collect$$libshutdown$$00000004)
    __rt_lib_shutdown_user_alloc_1           0x0800027f   Thumb Code     0  libshutdown2.o(.ARM.Collect$$libshutdown$$0000000C)
    __rt_entry                               0x08000281   Thumb Code     0  __rtentry.o(.ARM.Collect$$rtentry$$00000000)
    __rt_entry_presh_1                       0x08000281   Thumb Code     0  __rtentry2.o(.ARM.Collect$$rtentry$$00000002)
    __rt_entry_sh                            0x08000281   Thumb Code     0  __rtentry4.o(.ARM.Collect$$rtentry$$00000004)
    __rt_entry_li                            0x08000287   Thumb Code     0  __rtentry2.o(.ARM.Collect$$rtentry$$0000000A)
    __rt_entry_postsh_1                      0x08000287   Thumb Code     0  __rtentry2.o(.ARM.Collect$$rtentry$$00000009)
    __rt_entry_main                          0x0800028b   Thumb Code     0  __rtentry2.o(.ARM.Collect$$rtentry$$0000000D)
    __rt_entry_postli_1                      0x0800028b   Thumb Code     0  __rtentry2.o(.ARM.Collect$$rtentry$$0000000C)
    __rt_exit                                0x08000293   Thumb Code     0  rtexit.o(.ARM.Collect$$rtexit$$00000000)
    __rt_exit_ls                             0x08000295   Thumb Code     0  rtexit2.o(.ARM.Collect$$rtexit$$00000003)
    __rt_exit_prels_1                        0x08000295   Thumb Code     0  rtexit2.o(.ARM.Collect$$rtexit$$00000002)
    __rt_exit_exit                           0x08000299   Thumb Code     0  rtexit2.o(.ARM.Collect$$rtexit$$00000004)
    Reset_Handler                            0x080002a1   Thumb Code     8  startup_stm32f103xb.o(.text)
    ADC1_2_IRQHandler                        0x080002bb   Thumb Code     0  startup_stm32f103xb.o(.text)
    CAN1_RX1_IRQHandler                      0x080002bb   Thumb Code     0  startup_stm32f103xb.o(.text)
    CAN1_SCE_IRQHandler                      0x080002bb   Thumb Code     0  startup_stm32f103xb.o(.text)
    DMA1_Channel1_IRQHandler                 0x080002bb   Thumb Code     0  startup_stm32f103xb.o(.text)
    DMA1_Channel2_IRQHandler                 0x080002bb   Thumb Code     0  startup_stm32f103xb.o(.text)
    DMA1_Channel3_IRQHandler                 0x080002bb   Thumb Code     0  startup_stm32f103xb.o(.text)
    DMA1_Channel4_IRQHandler                 0x080002bb   Thumb Code     0  startup_stm32f103xb.o(.text)
    DMA1_Channel5_IRQHandler                 0x080002bb   Thumb Code     0  startup_stm32f103xb.o(.text)
    DMA1_Channel6_IRQHandler                 0x080002bb   Thumb Code     0  startup_stm32f103xb.o(.text)
    DMA1_Channel7_IRQHandler                 0x080002bb   Thumb Code     0  startup_stm32f103xb.o(.text)
    EXTI0_IRQHandler                         0x080002bb   Thumb Code     0  startup_stm32f103xb.o(.text)
    EXTI15_10_IRQHandler                     0x080002bb   Thumb Code     0  startup_stm32f103xb.o(.text)
    EXTI1_IRQHandler                         0x080002bb   Thumb Code     0  startup_stm32f103xb.o(.text)
    EXTI2_IRQHandler                         0x080002bb   Thumb Code     0  startup_stm32f103xb.o(.text)
    EXTI3_IRQHandler                         0x080002bb   Thumb Code     0  startup_stm32f103xb.o(.text)
    EXTI4_IRQHandler                         0x080002bb   Thumb Code     0  startup_stm32f103xb.o(.text)
    EXTI9_5_IRQHandler                       0x080002bb   Thumb Code     0  startup_stm32f103xb.o(.text)
    FLASH_IRQHandler                         0x080002bb   Thumb Code     0  startup_stm32f103xb.o(.text)
    I2C1_ER_IRQHandler                       0x080002bb   Thumb Code     0  startup_stm32f103xb.o(.text)
    I2C1_EV_IRQHandler                       0x080002bb   Thumb Code     0  startup_stm32f103xb.o(.text)
    I2C2_ER_IRQHandler                       0x080002bb   Thumb Code     0  startup_stm32f103xb.o(.text)
    I2C2_EV_IRQHandler                       0x080002bb   Thumb Code     0  startup_stm32f103xb.o(.text)
    PVD_IRQHandler                           0x080002bb   Thumb Code     0  startup_stm32f103xb.o(.text)
    RCC_IRQHandler                           0x080002bb   Thumb Code     0  startup_stm32f103xb.o(.text)
    RTC_Alarm_IRQHandler                     0x080002bb   Thumb Code     0  startup_stm32f103xb.o(.text)
    RTC_IRQHandler                           0x080002bb   Thumb Code     0  startup_stm32f103xb.o(.text)
    SPI1_IRQHandler                          0x080002bb   Thumb Code     0  startup_stm32f103xb.o(.text)
    SPI2_IRQHandler                          0x080002bb   Thumb Code     0  startup_stm32f103xb.o(.text)
    TAMPER_IRQHandler                        0x080002bb   Thumb Code     0  startup_stm32f103xb.o(.text)
    TIM1_BRK_IRQHandler                      0x080002bb   Thumb Code     0  startup_stm32f103xb.o(.text)
    TIM1_CC_IRQHandler                       0x080002bb   Thumb Code     0  startup_stm32f103xb.o(.text)
    TIM1_TRG_COM_IRQHandler                  0x080002bb   Thumb Code     0  startup_stm32f103xb.o(.text)
    TIM1_UP_IRQHandler                       0x080002bb   Thumb Code     0  startup_stm32f103xb.o(.text)
    TIM2_IRQHandler                          0x080002bb   Thumb Code     0  startup_stm32f103xb.o(.text)
    TIM3_IRQHandler                          0x080002bb   Thumb Code     0  startup_stm32f103xb.o(.text)
    TIM4_IRQHandler                          0x080002bb   Thumb Code     0  startup_stm32f103xb.o(.text)
    USART1_IRQHandler                        0x080002bb   Thumb Code     0  startup_stm32f103xb.o(.text)
    USART2_IRQHandler                        0x080002bb   Thumb Code     0  startup_stm32f103xb.o(.text)
    USART3_IRQHandler                        0x080002bb   Thumb Code     0  startup_stm32f103xb.o(.text)
    USBWakeUp_IRQHandler                     0x080002bb   Thumb Code     0  startup_stm32f103xb.o(.text)
    USB_HP_CAN1_TX_IRQHandler                0x080002bb   Thumb Code     0  startup_stm32f103xb.o(.text)
    WWDG_IRQHandler                          0x080002bb   Thumb Code     0  startup_stm32f103xb.o(.text)
    __user_initial_stackheap                 0x080002bd   Thumb Code     0  startup_stm32f103xb.o(.text)
    __aeabi_uldivmod                         0x080002e1   Thumb Code     0  lludivv7m.o(.text)
    _ll_udiv                                 0x080002e1   Thumb Code   240  lludivv7m.o(.text)
    sprintf                                  0x080003d1   Thumb Code    38  sprintf.o(.text)
    strlen                                   0x080003fd   Thumb Code    62  strlen.o(.text)
    __aeabi_memclr4                          0x0800043b   Thumb Code     0  rt_memclr_w.o(.text)
    __aeabi_memclr8                          0x0800043b   Thumb Code     0  rt_memclr_w.o(.text)
    __rt_memclr_w                            0x0800043b   Thumb Code     0  rt_memclr_w.o(.text)
    _memset_w                                0x0800043f   Thumb Code    74  rt_memclr_w.o(.text)
    __use_two_region_memory                  0x08000489   Thumb Code     2  heapauxi.o(.text)
    __rt_heap_escrow$2region                 0x0800048b   Thumb Code     2  heapauxi.o(.text)
    __rt_heap_expand$2region                 0x0800048d   Thumb Code     2  heapauxi.o(.text)
    _printf_pre_padding                      0x0800048f   Thumb Code    44  _printf_pad.o(.text)
    _printf_post_padding                     0x080004bb   Thumb Code    34  _printf_pad.o(.text)
    _printf_truncate_signed                  0x080004dd   Thumb Code    18  _printf_truncate.o(.text)
    _printf_truncate_unsigned                0x080004ef   Thumb Code    18  _printf_truncate.o(.text)
    _printf_str                              0x08000501   Thumb Code    82  _printf_str.o(.text)
    _printf_int_dec                          0x08000555   Thumb Code   104  _printf_dec.o(.text)
    _printf_charcount                        0x080005cd   Thumb Code    40  _printf_charcount.o(.text)
    _printf_char_common                      0x080005ff   Thumb Code    32  _printf_char_common.o(.text)
    _sputc                                   0x08000625   Thumb Code    10  _sputc.o(.text)
    _printf_wctomb                           0x08000631   Thumb Code   182  _printf_wctomb.o(.text)
    _printf_longlong_dec                     0x080006ed   Thumb Code   108  _printf_longlong_dec.o(.text)
    _printf_longlong_oct                     0x08000769   Thumb Code    68  _printf_oct_int_ll.o(.text)
    _printf_int_oct                          0x080007ad   Thumb Code    24  _printf_oct_int_ll.o(.text)
    _printf_ll_oct                           0x080007c5   Thumb Code    12  _printf_oct_int_ll.o(.text)
    _printf_longlong_hex                     0x080007d9   Thumb Code    86  _printf_hex_int_ll_ptr.o(.text)
    _printf_int_hex                          0x0800082f   Thumb Code    28  _printf_hex_int_ll_ptr.o(.text)
    _printf_ll_hex                           0x0800084b   Thumb Code    12  _printf_hex_int_ll_ptr.o(.text)
    _printf_hex_ptr                          0x08000857   Thumb Code    18  _printf_hex_int_ll_ptr.o(.text)
    __printf                                 0x0800086d   Thumb Code   388  __printf_flags_ss_wp.o(.text)
    _ll_udiv10                               0x080009f5   Thumb Code   138  lludiv10.o(.text)
    _printf_int_common                       0x08000a7f   Thumb Code   178  _printf_intcommon.o(.text)
    _printf_fp_dec_real                      0x08000ce1   Thumb Code   620  _printf_fp_dec.o(.text)
    _printf_fp_hex_real                      0x08000f4d   Thumb Code   756  _printf_fp_hex.o(.text)
    _printf_cs_common                        0x08001249   Thumb Code    20  _printf_char.o(.text)
    _printf_char                             0x0800125d   Thumb Code    16  _printf_char.o(.text)
    _printf_string                           0x0800126d   Thumb Code     8  _printf_char.o(.text)
    _printf_lcs_common                       0x08001275   Thumb Code    20  _printf_wchar.o(.text)
    _printf_wchar                            0x08001289   Thumb Code    16  _printf_wchar.o(.text)
    _printf_wstring                          0x08001299   Thumb Code     8  _printf_wchar.o(.text)
    _c16rtomb                                0x080012a1   Thumb Code    72  _c16rtomb.o(.text)
    _wcrtomb                                 0x080012a1   Thumb Code     0  _c16rtomb.o(.text)
    __user_setup_stackheap                   0x080012e9   Thumb Code    74  sys_stackheap_outer.o(.text)
    __rt_ctype_table                         0x08001335   Thumb Code    16  rt_ctype_table.o(.text)
    __rt_locale                              0x08001345   Thumb Code     8  rt_locale_intlibspace.o(.text)
    _printf_fp_infnan                        0x0800134d   Thumb Code   112  _printf_fp_infnan.o(.text)
    _btod_etento                             0x080013cd   Thumb Code   224  bigflt0.o(.text)
    exit                                     0x080014b1   Thumb Code    18  exit.o(.text)
    __user_libspace                          0x080014c5   Thumb Code     8  libspace.o(.text)
    __user_perproc_libspace                  0x080014c5   Thumb Code     0  libspace.o(.text)
    __user_perthread_libspace                0x080014c5   Thumb Code     0  libspace.o(.text)
    strcmp                                   0x080014cd   Thumb Code   128  strcmpv7m.o(.text)
    _sys_exit                                0x0800154d   Thumb Code     8  sys_exit.o(.text)
    __I$use$semihosting                      0x08001559   Thumb Code     0  use_no_semi.o(.text)
    __use_no_semihosting_swi                 0x08001559   Thumb Code     2  use_no_semi.o(.text)
    __semihosting_library_function           0x0800155b   Thumb Code     0  indicate_semi.o(.text)
    BusFault_Handler                         0x0800155d   Thumb Code     4  stm32f1xx_it.o(.text.BusFault_Handler)
    DAC5688_Init                             0x08001619   Thumb Code   364  dac5688.o(.text.DAC5688_Init)
    DAC5688_ReadStatus                       0x08001785   Thumb Code    70  dac5688.o(.text.DAC5688_ReadStatus)
    DAC5688_SetMixer                         0x080017cd   Thumb Code   268  dac5688.o(.text.DAC5688_SetMixer)
    DebugMon_Handler                         0x080018d9   Thumb Code     2  stm32f1xx_it.o(.text.DebugMon_Handler)
    Error_Handler                            0x080018dd   Thumb Code    14  main.o(.text.Error_Handler)
    HAL_Delay                                0x08001949   Thumb Code    66  stm32f1xx_hal.o(.text.HAL_Delay)
    HAL_GPIO_Init                            0x0800198d   Thumb Code   798  stm32f1xx_hal_gpio.o(.text.HAL_GPIO_Init)
    HAL_GPIO_WritePin                        0x08001cad   Thumb Code    46  stm32f1xx_hal_gpio.o(.text.HAL_GPIO_WritePin)
    HAL_GetTick                              0x08001cdd   Thumb Code    12  stm32f1xx_hal.o(.text.HAL_GetTick)
    HAL_IncTick                              0x08001ce9   Thumb Code    26  stm32f1xx_hal.o(.text.HAL_IncTick)
    HAL_Init                                 0x08001d05   Thumb Code    38  stm32f1xx_hal.o(.text.HAL_Init)
    HAL_InitTick                             0x08001d2d   Thumb Code   112  stm32f1xx_hal.o(.text.HAL_InitTick)
    HAL_MspInit                              0x08001d9d   Thumb Code   100  stm32f1xx_hal_msp.o(.text.HAL_MspInit)
    HAL_NVIC_EnableIRQ                       0x08001e01   Thumb Code    20  stm32f1xx_hal_cortex.o(.text.HAL_NVIC_EnableIRQ)
    HAL_NVIC_SetPriority                     0x08001e15   Thumb Code    50  stm32f1xx_hal_cortex.o(.text.HAL_NVIC_SetPriority)
    HAL_NVIC_SetPriorityGrouping             0x08001e49   Thumb Code    16  stm32f1xx_hal_cortex.o(.text.HAL_NVIC_SetPriorityGrouping)
    HAL_PCDEx_PMAConfig                      0x08001e59   Thumb Code   122  stm32f1xx_hal_pcd_ex.o(.text.HAL_PCDEx_PMAConfig)
    HAL_PCDEx_SetConnectionState             0x08001ed5   Thumb Code    26  usbd_conf.o(.text.HAL_PCDEx_SetConnectionState)
    HAL_PCD_DataInStageCallback              0x08001ef1   Thumb Code    38  usbd_conf.o(.text.HAL_PCD_DataInStageCallback)
    HAL_PCD_DataOutStageCallback             0x08001f19   Thumb Code    40  usbd_conf.o(.text.HAL_PCD_DataOutStageCallback)
    HAL_PCD_EP_Close                         0x08001f41   Thumb Code   168  stm32f1xx_hal_pcd.o(.text.HAL_PCD_EP_Close)
    HAL_PCD_EP_ClrStall                      0x08001fe9   Thumb Code   200  stm32f1xx_hal_pcd.o(.text.HAL_PCD_EP_ClrStall)
    HAL_PCD_EP_GetRxCount                    0x080029f9   Thumb Code    34  stm32f1xx_hal_pcd.o(.text.HAL_PCD_EP_GetRxCount)
    HAL_PCD_EP_Open                          0x08002a1d   Thumb Code   218  stm32f1xx_hal_pcd.o(.text.HAL_PCD_EP_Open)
    HAL_PCD_EP_Receive                       0x08002af9   Thumb Code    90  stm32f1xx_hal_pcd.o(.text.HAL_PCD_EP_Receive)
    HAL_PCD_EP_SetStall                      0x08002b55   Thumb Code   220  stm32f1xx_hal_pcd.o(.text.HAL_PCD_EP_SetStall)
    HAL_PCD_EP_Transmit                      0x08002c31   Thumb Code   102  stm32f1xx_hal_pcd.o(.text.HAL_PCD_EP_Transmit)
    HAL_PCD_IRQHandler                       0x08002c99   Thumb Code   516  stm32f1xx_hal_pcd.o(.text.HAL_PCD_IRQHandler)
    HAL_PCD_Init                             0x08002e9d   Thumb Code   516  stm32f1xx_hal_pcd.o(.text.HAL_PCD_Init)
    HAL_PCD_MspInit                          0x080030a1   Thumb Code    78  usbd_conf.o(.text.HAL_PCD_MspInit)
    HAL_PCD_ResetCallback                    0x080030f1   Thumb Code    56  usbd_conf.o(.text.HAL_PCD_ResetCallback)
    HAL_PCD_ResumeCallback                   0x08003129   Thumb Code    20  usbd_conf.o(.text.HAL_PCD_ResumeCallback)
    HAL_PCD_SOFCallback                      0x0800313d   Thumb Code    20  usbd_conf.o(.text.HAL_PCD_SOFCallback)
    HAL_PCD_SetAddress                       0x08003151   Thumb Code    92  stm32f1xx_hal_pcd.o(.text.HAL_PCD_SetAddress)
    HAL_PCD_SetupStageCallback               0x080031ad   Thumb Code    24  usbd_conf.o(.text.HAL_PCD_SetupStageCallback)
    HAL_PCD_Start                            0x080031c5   Thumb Code    92  stm32f1xx_hal_pcd.o(.text.HAL_PCD_Start)
    HAL_PCD_SuspendCallback                  0x08003221   Thumb Code    46  usbd_conf.o(.text.HAL_PCD_SuspendCallback)
    HAL_RCCEx_PeriphCLKConfig                0x08003251   Thumb Code   456  stm32f1xx_hal_rcc_ex.o(.text.HAL_RCCEx_PeriphCLKConfig)
    HAL_RCC_ClockConfig                      0x08003419   Thumb Code   598  stm32f1xx_hal_rcc.o(.text.HAL_RCC_ClockConfig)
    HAL_RCC_GetHCLKFreq                      0x08003671   Thumb Code    12  stm32f1xx_hal_rcc.o(.text.HAL_RCC_GetHCLKFreq)
    HAL_RCC_GetPCLK1Freq                     0x0800367d   Thumb Code    34  stm32f1xx_hal_rcc.o(.text.HAL_RCC_GetPCLK1Freq)
    HAL_RCC_GetPCLK2Freq                     0x080036a1   Thumb Code    34  stm32f1xx_hal_rcc.o(.text.HAL_RCC_GetPCLK2Freq)
    HAL_RCC_GetSysClockFreq                  0x080036c5   Thumb Code   188  stm32f1xx_hal_rcc.o(.text.HAL_RCC_GetSysClockFreq)
    HAL_RCC_OscConfig                        0x08003781   Thumb Code  1658  stm32f1xx_hal_rcc.o(.text.HAL_RCC_OscConfig)
    HAL_SPI_Init                             0x08003dfd   Thumb Code   250  stm32f1xx_hal_spi.o(.text.HAL_SPI_Init)
    HAL_SPI_MspInit                          0x08003ef9   Thumb Code   148  spi.o(.text.HAL_SPI_MspInit)
    HAL_SPI_TransmitReceive                  0x08003f8d   Thumb Code   930  stm32f1xx_hal_spi.o(.text.HAL_SPI_TransmitReceive)
    HAL_SYSTICK_Config                       0x08004331   Thumb Code    16  stm32f1xx_hal_cortex.o(.text.HAL_SYSTICK_Config)
    HAL_UART_Init                            0x08004341   Thumb Code   158  stm32f1xx_hal_uart.o(.text.HAL_UART_Init)
    HAL_UART_MspInit                         0x080043e1   Thumb Code   152  usart.o(.text.HAL_UART_MspInit)
    HAL_UART_Transmit                        0x08004479   Thumb Code   304  stm32f1xx_hal_uart.o(.text.HAL_UART_Transmit)
    HardFault_Handler                        0x080045a9   Thumb Code     4  stm32f1xx_it.o(.text.HardFault_Handler)
    MX_GPIO_Init                             0x08004629   Thumb Code   124  gpio.o(.text.MX_GPIO_Init)
    MX_SPI1_Init                             0x080046a5   Thumb Code    82  spi.o(.text.MX_SPI1_Init)
    MX_USART1_UART_Init                      0x080046f9   Thumb Code    64  usart.o(.text.MX_USART1_UART_Init)
    MX_USB_DEVICE_Init                       0x08004739   Thumb Code   118  usb_device.o(.text.MX_USB_DEVICE_Init)
    MemManage_Handler                        0x080047b1   Thumb Code     4  stm32f1xx_it.o(.text.MemManage_Handler)
    NMI_Handler                              0x080047b5   Thumb Code     4  stm32f1xx_it.o(.text.NMI_Handler)
    PendSV_Handler                           0x08004f31   Thumb Code     2  stm32f1xx_it.o(.text.PendSV_Handler)
    SVC_Handler                              0x08005109   Thumb Code     2  stm32f1xx_it.o(.text.SVC_Handler)
    SysTick_Handler                          0x08005161   Thumb Code     8  stm32f1xx_it.o(.text.SysTick_Handler)
    SystemClock_Config                       0x08005169   Thumb Code   146  main.o(.text.SystemClock_Config)
    SystemInit                               0x080051fd   Thumb Code     2  system_stm32f1xx.o(.text.SystemInit)
    USBD_CDC_GetDeviceQualifierDescriptor    0x080055dd   Thumb Code    22  usbd_cdc.o(.text.USBD_CDC_GetDeviceQualifierDescriptor)
    USBD_CDC_ReceivePacket                   0x08005739   Thumb Code    94  usbd_cdc.o(.text.USBD_CDC_ReceivePacket)
    USBD_CDC_RegisterInterface               0x08005799   Thumb Code    42  usbd_cdc.o(.text.USBD_CDC_RegisterInterface)
    USBD_CDC_SetRxBuffer                     0x080057c5   Thumb Code    28  usbd_cdc.o(.text.USBD_CDC_SetRxBuffer)
    USBD_CDC_SetTxBuffer                     0x080057e1   Thumb Code    42  usbd_cdc.o(.text.USBD_CDC_SetTxBuffer)
    USBD_ClrClassConfig                      0x0800596d   Thumb Code    30  usbd_core.o(.text.USBD_ClrClassConfig)
    USBD_CtlContinueRx                       0x080059cd   Thumb Code    34  usbd_ioreq.o(.text.USBD_CtlContinueRx)
    USBD_CtlContinueSendData                 0x080059f1   Thumb Code    34  usbd_ioreq.o(.text.USBD_CtlContinueSendData)
    USBD_CtlError                            0x08005a15   Thumb Code    28  usbd_ctlreq.o(.text.USBD_CtlError)
    USBD_CtlPrepareRx                        0x08005a31   Thumb Code    62  usbd_ioreq.o(.text.USBD_CtlPrepareRx)
    USBD_CtlReceiveStatus                    0x08005a71   Thumb Code    34  usbd_ioreq.o(.text.USBD_CtlReceiveStatus)
    USBD_CtlSendData                         0x08005a95   Thumb Code    58  usbd_ioreq.o(.text.USBD_CtlSendData)
    USBD_CtlSendStatus                       0x08005ad1   Thumb Code    34  usbd_ioreq.o(.text.USBD_CtlSendStatus)
    USBD_FS_ConfigStrDescriptor              0x08005af5   Thumb Code    78  usbd_desc.o(.text.USBD_FS_ConfigStrDescriptor)
    USBD_FS_DeviceDescriptor                 0x08005b45   Thumb Code    26  usbd_desc.o(.text.USBD_FS_DeviceDescriptor)
    USBD_FS_InterfaceStrDescriptor           0x08005b61   Thumb Code    78  usbd_desc.o(.text.USBD_FS_InterfaceStrDescriptor)
    USBD_FS_LangIDStrDescriptor              0x08005bb1   Thumb Code    26  usbd_desc.o(.text.USBD_FS_LangIDStrDescriptor)
    USBD_FS_ManufacturerStrDescriptor        0x08005bcd   Thumb Code    40  usbd_desc.o(.text.USBD_FS_ManufacturerStrDescriptor)
    USBD_FS_ProductStrDescriptor             0x08005bf5   Thumb Code    78  usbd_desc.o(.text.USBD_FS_ProductStrDescriptor)
    USBD_FS_SerialStrDescriptor              0x08005c45   Thumb Code    32  usbd_desc.o(.text.USBD_FS_SerialStrDescriptor)
    USBD_GetString                           0x08006035   Thumb Code   130  usbd_ctlreq.o(.text.USBD_GetString)
    USBD_Init                                0x0800610d   Thumb Code   100  usbd_core.o(.text.USBD_Init)
    USBD_LL_ClearStallEP                     0x08006171   Thumb Code    58  usbd_conf.o(.text.USBD_LL_ClearStallEP)
    USBD_LL_CloseEP                          0x080061ad   Thumb Code    58  usbd_conf.o(.text.USBD_LL_CloseEP)
    USBD_LL_DataInStage                      0x080061e9   Thumb Code   354  usbd_core.o(.text.USBD_LL_DataInStage)
    USBD_LL_DataOutStage                     0x0800634d   Thumb Code   258  usbd_core.o(.text.USBD_LL_DataOutStage)
    USBD_LL_GetRxDataSize                    0x08006451   Thumb Code    28  usbd_conf.o(.text.USBD_LL_GetRxDataSize)
    USBD_LL_Init                             0x0800646d   Thumb Code   160  usbd_conf.o(.text.USBD_LL_Init)
    USBD_LL_IsStallEP                        0x0800650d   Thumb Code    90  usbd_conf.o(.text.USBD_LL_IsStallEP)
    USBD_LL_OpenEP                           0x08006569   Thumb Code    74  usbd_conf.o(.text.USBD_LL_OpenEP)
    USBD_LL_PrepareReceive                   0x080065b5   Thumb Code    70  usbd_conf.o(.text.USBD_LL_PrepareReceive)
    USBD_LL_Reset                            0x080065fd   Thumb Code   116  usbd_core.o(.text.USBD_LL_Reset)
    USBD_LL_Resume                           0x08006671   Thumb Code    34  usbd_core.o(.text.USBD_LL_Resume)
    USBD_LL_SOF                              0x08006695   Thumb Code    50  usbd_core.o(.text.USBD_LL_SOF)
    USBD_LL_SetSpeed                         0x080066c9   Thumb Code    22  usbd_core.o(.text.USBD_LL_SetSpeed)
    USBD_LL_SetUSBAddress                    0x080066e1   Thumb Code    58  usbd_conf.o(.text.USBD_LL_SetUSBAddress)
    USBD_LL_SetupStage                       0x0800671d   Thumb Code   130  usbd_core.o(.text.USBD_LL_SetupStage)
    USBD_LL_StallEP                          0x080067a1   Thumb Code    58  usbd_conf.o(.text.USBD_LL_StallEP)
    USBD_LL_Start                            0x080067dd   Thumb Code    50  usbd_conf.o(.text.USBD_LL_Start)
    USBD_LL_Suspend                          0x08006811   Thumb Code    28  usbd_core.o(.text.USBD_LL_Suspend)
    USBD_LL_Transmit                         0x0800682d   Thumb Code    70  usbd_conf.o(.text.USBD_LL_Transmit)
    USBD_ParseSetupRequest                   0x08006875   Thumb Code    68  usbd_ctlreq.o(.text.USBD_ParseSetupRequest)
    USBD_RegisterClass                       0x080068b9   Thumb Code    50  usbd_core.o(.text.USBD_RegisterClass)
    USBD_RunTestMode                         0x080068ed   Thumb Code    10  usbd_core.o(.text.USBD_RunTestMode)
    USBD_SetClassConfig                      0x08006985   Thumb Code    62  usbd_core.o(.text.USBD_SetClassConfig)
    USBD_Start                               0x08006b25   Thumb Code    18  usbd_core.o(.text.USBD_Start)
    USBD_StdDevReq                           0x08006b39   Thumb Code   188  usbd_ctlreq.o(.text.USBD_StdDevReq)
    USBD_StdEPReq                            0x08006bf5   Thumb Code   822  usbd_ctlreq.o(.text.USBD_StdEPReq)
    USBD_StdItfReq                           0x08006f2d   Thumb Code   152  usbd_ctlreq.o(.text.USBD_StdItfReq)
    USBD_static_free                         0x08006fc5   Thumb Code     8  usbd_conf.o(.text.USBD_static_free)
    USBD_static_malloc                       0x08006fcd   Thumb Code    16  usbd_conf.o(.text.USBD_static_malloc)
    USB_ActivateEndpoint                     0x08006fdd   Thumb Code  1686  stm32f1xx_ll_usb.o(.text.USB_ActivateEndpoint)
    USB_CoreInit                             0x08007675   Thumb Code    32  stm32f1xx_ll_usb.o(.text.USB_CoreInit)
    USB_DeactivateEndpoint                   0x08007695   Thumb Code   864  stm32f1xx_ll_usb.o(.text.USB_DeactivateEndpoint)
    USB_DevConnect                           0x080079f5   Thumb Code    10  stm32f1xx_ll_usb.o(.text.USB_DevConnect)
    USB_DevDisconnect                        0x08007a01   Thumb Code    10  stm32f1xx_ll_usb.o(.text.USB_DevDisconnect)
    USB_DevInit                              0x08007a0d   Thumb Code    58  stm32f1xx_ll_usb.o(.text.USB_DevInit)
    USB_DisableGlobalInt                     0x08007a49   Thumb Code    30  stm32f1xx_ll_usb.o(.text.USB_DisableGlobalInt)
    USB_EP0_OutStart                         0x08007a69   Thumb Code    12  stm32f1xx_ll_usb.o(.text.USB_EP0_OutStart)
    USB_EPClearStall                         0x08007a75   Thumb Code   328  stm32f1xx_ll_usb.o(.text.USB_EPClearStall)
    USB_EPSetStall                           0x08007bbd   Thumb Code   136  stm32f1xx_ll_usb.o(.text.USB_EPSetStall)
    USB_EPStartXfer                          0x08007c45   Thumb Code  3606  stm32f1xx_ll_usb.o(.text.USB_EPStartXfer)
    USB_EnableGlobalInt                      0x08008a5d   Thumb Code    30  stm32f1xx_ll_usb.o(.text.USB_EnableGlobalInt)
    USB_LP_CAN1_RX0_IRQHandler               0x08008a7d   Thumb Code    16  stm32f1xx_it.o(.text.USB_LP_CAN1_RX0_IRQHandler)
    USB_ReadInterrupts                       0x08008a8d   Thumb Code    18  stm32f1xx_ll_usb.o(.text.USB_ReadInterrupts)
    USB_ReadPMA                              0x08008aa1   Thumb Code   140  stm32f1xx_ll_usb.o(.text.USB_ReadPMA)
    USB_SetCurrentMode                       0x08008b2d   Thumb Code    14  stm32f1xx_ll_usb.o(.text.USB_SetCurrentMode)
    USB_SetDevAddress                        0x08008b3d   Thumb Code    32  stm32f1xx_ll_usb.o(.text.USB_SetDevAddress)
    USB_WritePMA                             0x08008b5d   Thumb Code   130  stm32f1xx_ll_usb.o(.text.USB_WritePMA)
    UsageFault_Handler                       0x08008be1   Thumb Code     4  stm32f1xx_it.o(.text.UsageFault_Handler)
    main                                     0x08008ca5   Thumb Code   260  main.o(.text.main)
    _btod_d2e                                0x08008da9   Thumb Code    62  btod.o(CL$$btod_d2e)
    _d2e_denorm_low                          0x08008de7   Thumb Code    70  btod.o(CL$$btod_d2e_denorm_low)
    _d2e_norm_op1                            0x08008e2d   Thumb Code    96  btod.o(CL$$btod_d2e_norm_op1)
    __btod_div_common                        0x08008e8d   Thumb Code   696  btod.o(CL$$btod_div_common)
    _e2e                                     0x080091c5   Thumb Code   220  btod.o(CL$$btod_e2e)
    _btod_ediv                               0x080092a1   Thumb Code    42  btod.o(CL$$btod_ediv)
    _btod_emul                               0x080092cb   Thumb Code    42  btod.o(CL$$btod_emul)
    __btod_mult_common                       0x080092f5   Thumb Code   580  btod.o(CL$$btod_mult_common)
    __ARM_fpclassify                         0x08009539   Thumb Code    40  fpclassify.o(i.__ARM_fpclassify)
    _is_digit                                0x08009561   Thumb Code    14  __printf_wp.o(i._is_digit)
    _get_lc_numeric                          0x08009571   Thumb Code    44  lc_numeric_c.o(locale$$code)
    _get_lc_ctype                            0x0800959d   Thumb Code    44  lc_ctype_c.o(locale$$code)
    _printf_fp_dec                           0x080095c9   Thumb Code     4  printf1.o(x$fpl$printf1)
    _printf_fp_hex                           0x080095cd   Thumb Code     4  printf2.o(x$fpl$printf2)
    __I$use$fp                               0x080095d0   Number         0  usenofp.o(x$fpl$usenofp)
    AHBPrescTable                            0x080096cc   Data          16  system_stm32f1xx.o(.rodata.AHBPrescTable)
    APBPrescTable                            0x080096dc   Data           8  system_stm32f1xx.o(.rodata.APBPrescTable)
    Region$$Table$$Base                      0x08009770   Number         0  anon$$obj.o(Region$$Table)
    Region$$Table$$Limit                     0x08009790   Number         0  anon$$obj.o(Region$$Table)
    __ctype                                  0x080097b9   Data           0  lc_ctype_c.o(locale$$data)
    FS_Desc                                  0x20000000   Data          28  usbd_desc.o(.data.FS_Desc)
    SystemCoreClock                          0x2000001c   Data           4  system_stm32f1xx.o(.data.SystemCoreClock)
    USBD_CDC                                 0x20000020   Data          56  usbd_cdc.o(.data.USBD_CDC)
    USBD_CDC_CfgFSDesc                       0x20000058   Data          67  usbd_cdc.o(.data.USBD_CDC_CfgFSDesc)
    USBD_CDC_CfgHSDesc                       0x2000009c   Data          67  usbd_cdc.o(.data.USBD_CDC_CfgHSDesc)
    USBD_CDC_OtherSpeedCfgDesc               0x200000ec   Data          67  usbd_cdc.o(.data.USBD_CDC_OtherSpeedCfgDesc)
    USBD_FS_DeviceDesc                       0x20000130   Data          18  usbd_desc.o(.data.USBD_FS_DeviceDesc)
    USBD_Interface_fops_FS                   0x20000144   Data          16  usbd_cdc_if.o(.data.USBD_Interface_fops_FS)
    USBD_LangIDDesc                          0x20000154   Data           4  usbd_desc.o(.data.USBD_LangIDDesc)
    USBD_StringSerial                        0x20000158   Data          26  usbd_desc.o(.data.USBD_StringSerial)
    reg_config                               0x20000172   Data          18  dac5688.o(.data.reg_config)
    uwTickFreq                               0x20000184   Data           1  stm32f1xx_hal.o(.data.uwTickFreq)
    uwTickPrio                               0x20000188   Data           4  stm32f1xx_hal.o(.data.uwTickPrio)
    __libspace_start                         0x20000190   Data          96  libspace.o(.bss)
    __temporary_stack_top$libspace           0x200001f0   Data           0  libspace.o(.bss)
    USBD_StrDesc                             0x200001f4   Data         512  usbd_desc.o(.bss.USBD_StrDesc)
    UserRxBufferFS                           0x20000614   Data        1024  usbd_cdc_if.o(.bss.UserRxBufferFS)
    UserTxBufferFS                           0x20000a14   Data        1024  usbd_cdc_if.o(.bss.UserTxBufferFS)
    dac                                      0x20000e14   Data          12  main.o(.bss.dac)
    hUsbDeviceFS                             0x20000e20   Data         708  usb_device.o(.bss.hUsbDeviceFS)
    hpcd_USB_FS                              0x200010e4   Data         728  usbd_conf.o(.bss.hpcd_USB_FS)
    hspi1                                    0x200013bc   Data          88  spi.o(.bss.hspi1)
    huart1                                   0x20001414   Data          72  usart.o(.bss.huart1)
    uart_tx_buf                              0x2000145c   Data          64  main.o(.bss.uart_tx_buf)
    uwTick                                   0x2000149c   Data           4  stm32f1xx_hal.o(.bss.uwTick)



==============================================================================

Memory Map of the image

  Image Entry point : 0x080000ed

  Load Region LR_IROM1 (Base: 0x08000000, Size: 0x00009a50, Max: 0x00010000, ABSOLUTE, COMPRESSED[0x00009998])

    Execution Region ER_IROM1 (Exec base: 0x08000000, Load base: 0x08000000, Size: 0x000098bc, Max: 0x00010000, ABSOLUTE)

    Exec Addr    Load Addr    Size         Type   Attr      Idx    E Section Name        Object

    0x08000000   0x08000000   0x000000ec   Data   RO            3    RESET               startup_stm32f103xb.o
    0x080000ec   0x080000ec   0x00000008   Code   RO         1215  * !!!main             c_w.l(__main.o)
    0x080000f4   0x080000f4   0x0000005c   Code   RO         1564    !!!scatter          c_w.l(__scatter.o)
    0x08000150   0x08000150   0x0000005a   Code   RO         1562    !!dczerorl2         c_w.l(__dczerorl2.o)
    0x080001aa   0x080001aa   0x00000002   PAD
    0x080001ac   0x080001ac   0x00000002   Code   RO         1565    !!handler_null      c_w.l(__scatter.o)
    0x080001ae   0x080001ae   0x00000002   PAD
    0x080001b0   0x080001b0   0x0000001c   Code   RO         1568    !!handler_zi        c_w.l(__scatter_zi.o)
    0x080001cc   0x080001cc   0x00000000   Code   RO         1303    .ARM.Collect$$_printf_percent$$00000000  c_w.l(_printf_percent.o)
    0x080001cc   0x080001cc   0x00000006   Code   RO         1292    .ARM.Collect$$_printf_percent$$00000001  c_w.l(_printf_n.o)
    0x080001d2   0x080001d2   0x00000006   Code   RO         1294    .ARM.Collect$$_printf_percent$$00000002  c_w.l(_printf_p.o)
    0x080001d8   0x080001d8   0x00000006   Code   RO         1299    .ARM.Collect$$_printf_percent$$00000003  c_w.l(_printf_f.o)
    0x080001de   0x080001de   0x00000006   Code   RO         1300    .ARM.Collect$$_printf_percent$$00000004  c_w.l(_printf_e.o)
    0x080001e4   0x080001e4   0x00000006   Code   RO         1301    .ARM.Collect$$_printf_percent$$00000005  c_w.l(_printf_g.o)
    0x080001ea   0x080001ea   0x00000006   Code   RO         1302    .ARM.Collect$$_printf_percent$$00000006  c_w.l(_printf_a.o)
    0x080001f0   0x080001f0   0x0000000a   Code   RO         1307    .ARM.Collect$$_printf_percent$$00000007  c_w.l(_printf_ll.o)
    0x080001fa   0x080001fa   0x00000006   Code   RO         1296    .ARM.Collect$$_printf_percent$$00000008  c_w.l(_printf_i.o)
    0x08000200   0x08000200   0x00000006   Code   RO         1297    .ARM.Collect$$_printf_percent$$00000009  c_w.l(_printf_d.o)
    0x08000206   0x08000206   0x00000006   Code   RO         1298    .ARM.Collect$$_printf_percent$$0000000A  c_w.l(_printf_u.o)
    0x0800020c   0x0800020c   0x00000006   Code   RO         1295    .ARM.Collect$$_printf_percent$$0000000B  c_w.l(_printf_o.o)
    0x08000212   0x08000212   0x00000006   Code   RO         1293    .ARM.Collect$$_printf_percent$$0000000C  c_w.l(_printf_x.o)
    0x08000218   0x08000218   0x00000006   Code   RO         1304    .ARM.Collect$$_printf_percent$$0000000D  c_w.l(_printf_lli.o)
    0x0800021e   0x0800021e   0x00000006   Code   RO         1305    .ARM.Collect$$_printf_percent$$0000000E  c_w.l(_printf_lld.o)
    0x08000224   0x08000224   0x00000006   Code   RO         1306    .ARM.Collect$$_printf_percent$$0000000F  c_w.l(_printf_llu.o)
    0x0800022a   0x0800022a   0x00000006   Code   RO         1311    .ARM.Collect$$_printf_percent$$00000010  c_w.l(_printf_llo.o)
    0x08000230   0x08000230   0x00000006   Code   RO         1312    .ARM.Collect$$_printf_percent$$00000011  c_w.l(_printf_llx.o)
    0x08000236   0x08000236   0x0000000a   Code   RO         1308    .ARM.Collect$$_printf_percent$$00000012  c_w.l(_printf_l.o)
    0x08000240   0x08000240   0x00000006   Code   RO         1290    .ARM.Collect$$_printf_percent$$00000013  c_w.l(_printf_c.o)
    0x08000246   0x08000246   0x00000006   Code   RO         1291    .ARM.Collect$$_printf_percent$$00000014  c_w.l(_printf_s.o)
    0x0800024c   0x0800024c   0x00000006   Code   RO         1309    .ARM.Collect$$_printf_percent$$00000015  c_w.l(_printf_lc.o)
    0x08000252   0x08000252   0x00000006   Code   RO         1310    .ARM.Collect$$_printf_percent$$00000016  c_w.l(_printf_ls.o)
    0x08000258   0x08000258   0x00000004   Code   RO         1355    .ARM.Collect$$_printf_percent$$00000017  c_w.l(_printf_percent_end.o)
    0x0800025c   0x0800025c   0x00000002   Code   RO         1410    .ARM.Collect$$libinit$$00000000  c_w.l(libinit.o)
    0x0800025e   0x0800025e   0x00000000   Code   RO         1435    .ARM.Collect$$libinit$$00000002  c_w.l(libinit2.o)
    0x0800025e   0x0800025e   0x00000000   Code   RO         1437    .ARM.Collect$$libinit$$00000004  c_w.l(libinit2.o)
    0x0800025e   0x0800025e   0x00000000   Code   RO         1439    .ARM.Collect$$libinit$$00000006  c_w.l(libinit2.o)
    0x0800025e   0x0800025e   0x00000000   Code   RO         1442    .ARM.Collect$$libinit$$0000000C  c_w.l(libinit2.o)
    0x0800025e   0x0800025e   0x00000000   Code   RO         1444    .ARM.Collect$$libinit$$0000000E  c_w.l(libinit2.o)
    0x0800025e   0x0800025e   0x00000000   Code   RO         1446    .ARM.Collect$$libinit$$00000010  c_w.l(libinit2.o)
    0x0800025e   0x0800025e   0x00000006   Code   RO         1447    .ARM.Collect$$libinit$$00000011  c_w.l(libinit2.o)
    0x08000264   0x08000264   0x00000000   Code   RO         1449    .ARM.Collect$$libinit$$00000013  c_w.l(libinit2.o)
    0x08000264   0x08000264   0x0000000c   Code   RO         1450    .ARM.Collect$$libinit$$00000014  c_w.l(libinit2.o)
    0x08000270   0x08000270   0x00000000   Code   RO         1451    .ARM.Collect$$libinit$$00000015  c_w.l(libinit2.o)
    0x08000270   0x08000270   0x00000000   Code   RO         1453    .ARM.Collect$$libinit$$00000017  c_w.l(libinit2.o)
    0x08000270   0x08000270   0x0000000a   Code   RO         1454    .ARM.Collect$$libinit$$00000018  c_w.l(libinit2.o)
    0x0800027a   0x0800027a   0x00000000   Code   RO         1455    .ARM.Collect$$libinit$$00000019  c_w.l(libinit2.o)
    0x0800027a   0x0800027a   0x00000000   Code   RO         1457    .ARM.Collect$$libinit$$0000001B  c_w.l(libinit2.o)
    0x0800027a   0x0800027a   0x00000000   Code   RO         1459    .ARM.Collect$$libinit$$0000001D  c_w.l(libinit2.o)
    0x0800027a   0x0800027a   0x00000000   Code   RO         1461    .ARM.Collect$$libinit$$0000001F  c_w.l(libinit2.o)
    0x0800027a   0x0800027a   0x00000000   Code   RO         1463    .ARM.Collect$$libinit$$00000021  c_w.l(libinit2.o)
    0x0800027a   0x0800027a   0x00000000   Code   RO         1465    .ARM.Collect$$libinit$$00000023  c_w.l(libinit2.o)
    0x0800027a   0x0800027a   0x00000000   Code   RO         1467    .ARM.Collect$$libinit$$00000025  c_w.l(libinit2.o)
    0x0800027a   0x0800027a   0x00000000   Code   RO         1469    .ARM.Collect$$libinit$$00000027  c_w.l(libinit2.o)
    0x0800027a   0x0800027a   0x00000000   Code   RO         1473    .ARM.Collect$$libinit$$0000002E  c_w.l(libinit2.o)
    0x0800027a   0x0800027a   0x00000000   Code   RO         1475    .ARM.Collect$$libinit$$00000030  c_w.l(libinit2.o)
    0x0800027a   0x0800027a   0x00000000   Code   RO         1477    .ARM.Collect$$libinit$$00000032  c_w.l(libinit2.o)
    0x0800027a   0x0800027a   0x00000000   Code   RO         1479    .ARM.Collect$$libinit$$00000034  c_w.l(libinit2.o)
    0x0800027a   0x0800027a   0x00000002   Code   RO         1480    .ARM.Collect$$libinit$$00000035  c_w.l(libinit2.o)
    0x0800027c   0x0800027c   0x00000002   Code   RO         1517    .ARM.Collect$$libshutdown$$00000000  c_w.l(libshutdown.o)
    0x0800027e   0x0800027e   0x00000000   Code   RO         1545    .ARM.Collect$$libshutdown$$00000002  c_w.l(libshutdown2.o)
    0x0800027e   0x0800027e   0x00000000   Code   RO         1547    .ARM.Collect$$libshutdown$$00000004  c_w.l(libshutdown2.o)
    0x0800027e   0x0800027e   0x00000000   Code   RO         1550    .ARM.Collect$$libshutdown$$00000007  c_w.l(libshutdown2.o)
    0x0800027e   0x0800027e   0x00000000   Code   RO         1553    .ARM.Collect$$libshutdown$$0000000A  c_w.l(libshutdown2.o)
    0x0800027e   0x0800027e   0x00000000   Code   RO         1555    .ARM.Collect$$libshutdown$$0000000C  c_w.l(libshutdown2.o)
    0x0800027e   0x0800027e   0x00000000   Code   RO         1558    .ARM.Collect$$libshutdown$$0000000F  c_w.l(libshutdown2.o)
    0x0800027e   0x0800027e   0x00000002   Code   RO         1559    .ARM.Collect$$libshutdown$$00000010  c_w.l(libshutdown2.o)
    0x08000280   0x08000280   0x00000000   Code   RO         1217    .ARM.Collect$$rtentry$$00000000  c_w.l(__rtentry.o)
    0x08000280   0x08000280   0x00000000   Code   RO         1322    .ARM.Collect$$rtentry$$00000002  c_w.l(__rtentry2.o)
    0x08000280   0x08000280   0x00000006   Code   RO         1334    .ARM.Collect$$rtentry$$00000004  c_w.l(__rtentry4.o)
    0x08000286   0x08000286   0x00000000   Code   RO         1324    .ARM.Collect$$rtentry$$00000009  c_w.l(__rtentry2.o)
    0x08000286   0x08000286   0x00000004   Code   RO         1325    .ARM.Collect$$rtentry$$0000000A  c_w.l(__rtentry2.o)
    0x0800028a   0x0800028a   0x00000000   Code   RO         1327    .ARM.Collect$$rtentry$$0000000C  c_w.l(__rtentry2.o)
    0x0800028a   0x0800028a   0x00000008   Code   RO         1328    .ARM.Collect$$rtentry$$0000000D  c_w.l(__rtentry2.o)
    0x08000292   0x08000292   0x00000002   Code   RO         1419    .ARM.Collect$$rtexit$$00000000  c_w.l(rtexit.o)
    0x08000294   0x08000294   0x00000000   Code   RO         1486    .ARM.Collect$$rtexit$$00000002  c_w.l(rtexit2.o)
    0x08000294   0x08000294   0x00000004   Code   RO         1487    .ARM.Collect$$rtexit$$00000003  c_w.l(rtexit2.o)
    0x08000298   0x08000298   0x00000006   Code   RO         1488    .ARM.Collect$$rtexit$$00000004  c_w.l(rtexit2.o)
    0x0800029e   0x0800029e   0x00000002   PAD
    0x080002a0   0x080002a0   0x00000040   Code   RO            4    .text               startup_stm32f103xb.o
    0x080002e0   0x080002e0   0x000000f0   Code   RO         1205    .text               c_w.l(lludivv7m.o)
    0x080003d0   0x080003d0   0x0000002c   Code   RO         1207    .text               c_w.l(sprintf.o)
    0x080003fc   0x080003fc   0x0000003e   Code   RO         1209    .text               c_w.l(strlen.o)
    0x0800043a   0x0800043a   0x0000004e   Code   RO         1211    .text               c_w.l(rt_memclr_w.o)
    0x08000488   0x08000488   0x00000006   Code   RO         1213    .text               c_w.l(heapauxi.o)
    0x0800048e   0x0800048e   0x0000004e   Code   RO         1224    .text               c_w.l(_printf_pad.o)
    0x080004dc   0x080004dc   0x00000024   Code   RO         1226    .text               c_w.l(_printf_truncate.o)
    0x08000500   0x08000500   0x00000052   Code   RO         1228    .text               c_w.l(_printf_str.o)
    0x08000552   0x08000552   0x00000002   PAD
    0x08000554   0x08000554   0x00000078   Code   RO         1230    .text               c_w.l(_printf_dec.o)
    0x080005cc   0x080005cc   0x00000028   Code   RO         1232    .text               c_w.l(_printf_charcount.o)
    0x080005f4   0x080005f4   0x00000030   Code   RO         1234    .text               c_w.l(_printf_char_common.o)
    0x08000624   0x08000624   0x0000000a   Code   RO         1236    .text               c_w.l(_sputc.o)
    0x0800062e   0x0800062e   0x00000002   PAD
    0x08000630   0x08000630   0x000000bc   Code   RO         1238    .text               c_w.l(_printf_wctomb.o)
    0x080006ec   0x080006ec   0x0000007c   Code   RO         1241    .text               c_w.l(_printf_longlong_dec.o)
    0x08000768   0x08000768   0x00000070   Code   RO         1247    .text               c_w.l(_printf_oct_int_ll.o)
    0x080007d8   0x080007d8   0x00000094   Code   RO         1267    .text               c_w.l(_printf_hex_int_ll_ptr.o)
    0x0800086c   0x0800086c   0x00000188   Code   RO         1287    .text               c_w.l(__printf_flags_ss_wp.o)
    0x080009f4   0x080009f4   0x0000008a   Code   RO         1338    .text               c_w.l(lludiv10.o)
    0x08000a7e   0x08000a7e   0x000000b2   Code   RO         1340    .text               c_w.l(_printf_intcommon.o)
    0x08000b30   0x08000b30   0x0000041c   Code   RO         1342    .text               c_w.l(_printf_fp_dec.o)
    0x08000f4c   0x08000f4c   0x000002fc   Code   RO         1346    .text               c_w.l(_printf_fp_hex.o)
    0x08001248   0x08001248   0x0000002c   Code   RO         1351    .text               c_w.l(_printf_char.o)
    0x08001274   0x08001274   0x0000002c   Code   RO         1353    .text               c_w.l(_printf_wchar.o)
    0x080012a0   0x080012a0   0x00000048   Code   RO         1356    .text               c_w.l(_c16rtomb.o)
    0x080012e8   0x080012e8   0x0000004a   Code   RO         1358    .text               c_w.l(sys_stackheap_outer.o)
    0x08001332   0x08001332   0x00000002   PAD
    0x08001334   0x08001334   0x00000010   Code   RO         1360    .text               c_w.l(rt_ctype_table.o)
    0x08001344   0x08001344   0x00000008   Code   RO         1365    .text               c_w.l(rt_locale_intlibspace.o)
    0x0800134c   0x0800134c   0x00000080   Code   RO         1367    .text               c_w.l(_printf_fp_infnan.o)
    0x080013cc   0x080013cc   0x000000e4   Code   RO         1369    .text               c_w.l(bigflt0.o)
    0x080014b0   0x080014b0   0x00000012   Code   RO         1399    .text               c_w.l(exit.o)
    0x080014c2   0x080014c2   0x00000002   PAD
    0x080014c4   0x080014c4   0x00000008   Code   RO         1416    .text               c_w.l(libspace.o)
    0x080014cc   0x080014cc   0x00000080   Code   RO         1432    .text               c_w.l(strcmpv7m.o)
    0x0800154c   0x0800154c   0x0000000c   Code   RO         1481    .text               c_w.l(sys_exit.o)
    0x08001558   0x08001558   0x00000002   Code   RO         1506    .text               c_w.l(use_no_semi.o)
    0x0800155a   0x0800155a   0x00000000   Code   RO         1508    .text               c_w.l(indicate_semi.o)
    0x0800155a   0x0800155a   0x00000002   PAD
    0x0800155c   0x0800155c   0x00000004   Code   RO           70    .text.BusFault_Handler  stm32f1xx_it.o
    0x08001560   0x08001560   0x0000005c   Code   RO          157    .text.CDC_Control_FS  usbd_cdc_if.o
    0x080015bc   0x080015bc   0x00000004   Code   RO          155    .text.CDC_DeInit_FS  usbd_cdc_if.o
    0x080015c0   0x080015c0   0x00000032   Code   RO          153    .text.CDC_Init_FS   usbd_cdc_if.o
    0x080015f2   0x080015f2   0x00000002   PAD
    0x080015f4   0x080015f4   0x00000024   Code   RO          159    .text.CDC_Receive_FS  usbd_cdc_if.o
    0x08001618   0x08001618   0x0000016c   Code   RO           99    .text.DAC5688_Init  dac5688.o
    0x08001784   0x08001784   0x00000046   Code   RO          101    .text.DAC5688_ReadStatus  dac5688.o
    0x080017ca   0x080017ca   0x00000002   PAD
    0x080017cc   0x080017cc   0x0000010c   Code   RO          103    .text.DAC5688_SetMixer  dac5688.o
    0x080018d8   0x080018d8   0x00000002   Code   RO           76    .text.DebugMon_Handler  stm32f1xx_it.o
    0x080018da   0x080018da   0x00000002   PAD
    0x080018dc   0x080018dc   0x0000000e   Code   RO           15    .text.Error_Handler  main.o
    0x080018ea   0x080018ea   0x00000002   PAD
    0x080018ec   0x080018ec   0x0000005c   Code   RO          136    .text.Get_SerialNum  usbd_desc.o
    0x08001948   0x08001948   0x00000042   Code   RO          438    .text.HAL_Delay     stm32f1xx_hal.o
    0x0800198a   0x0800198a   0x00000002   PAD
    0x0800198c   0x0800198c   0x0000031e   Code   RO          532    .text.HAL_GPIO_Init  stm32f1xx_hal_gpio.o
    0x08001caa   0x08001caa   0x00000002   PAD
    0x08001cac   0x08001cac   0x0000002e   Code   RO          538    .text.HAL_GPIO_WritePin  stm32f1xx_hal_gpio.o
    0x08001cda   0x08001cda   0x00000002   PAD
    0x08001cdc   0x08001cdc   0x0000000c   Code   RO          430    .text.HAL_GetTick   stm32f1xx_hal.o
    0x08001ce8   0x08001ce8   0x0000001a   Code   RO          428    .text.HAL_IncTick   stm32f1xx_hal.o
    0x08001d02   0x08001d02   0x00000002   PAD
    0x08001d04   0x08001d04   0x00000026   Code   RO          418    .text.HAL_Init      stm32f1xx_hal.o
    0x08001d2a   0x08001d2a   0x00000002   PAD
    0x08001d2c   0x08001d2c   0x00000070   Code   RO          420    .text.HAL_InitTick  stm32f1xx_hal.o
    0x08001d9c   0x08001d9c   0x00000064   Code   RO           91    .text.HAL_MspInit   stm32f1xx_hal_msp.o
    0x08001e00   0x08001e00   0x00000014   Code   RO          600    .text.HAL_NVIC_EnableIRQ  stm32f1xx_hal_cortex.o
    0x08001e14   0x08001e14   0x00000032   Code   RO          592    .text.HAL_NVIC_SetPriority  stm32f1xx_hal_cortex.o
    0x08001e46   0x08001e46   0x00000002   PAD
    0x08001e48   0x08001e48   0x00000010   Code   RO          588    .text.HAL_NVIC_SetPriorityGrouping  stm32f1xx_hal_cortex.o
    0x08001e58   0x08001e58   0x0000007a   Code   RO          340    .text.HAL_PCDEx_PMAConfig  stm32f1xx_hal_pcd_ex.o
    0x08001ed2   0x08001ed2   0x00000002   PAD
    0x08001ed4   0x08001ed4   0x0000001a   Code   RO          235    .text.HAL_PCDEx_SetConnectionState  usbd_conf.o
    0x08001eee   0x08001eee   0x00000002   PAD
    0x08001ef0   0x08001ef0   0x00000026   Code   RO          181    .text.HAL_PCD_DataInStageCallback  usbd_conf.o
    0x08001f16   0x08001f16   0x00000002   PAD
    0x08001f18   0x08001f18   0x00000028   Code   RO          179    .text.HAL_PCD_DataOutStageCallback  usbd_conf.o
    0x08001f40   0x08001f40   0x000000a8   Code   RO          307    .text.HAL_PCD_EP_Close  stm32f1xx_hal_pcd.o
    0x08001fe8   0x08001fe8   0x000000c8   Code   RO          317    .text.HAL_PCD_EP_ClrStall  stm32f1xx_hal_pcd.o
    0x080020b0   0x080020b0   0x000001fc   Code   RO          329    .text.HAL_PCD_EP_DB_Receive  stm32f1xx_hal_pcd.o
    0x080022ac   0x080022ac   0x0000074c   Code   RO          331    .text.HAL_PCD_EP_DB_Transmit  stm32f1xx_hal_pcd.o
    0x080029f8   0x080029f8   0x00000022   Code   RO          311    .text.HAL_PCD_EP_GetRxCount  stm32f1xx_hal_pcd.o
    0x08002a1a   0x08002a1a   0x00000002   PAD
    0x08002a1c   0x08002a1c   0x000000da   Code   RO          305    .text.HAL_PCD_EP_Open  stm32f1xx_hal_pcd.o
    0x08002af6   0x08002af6   0x00000002   PAD
    0x08002af8   0x08002af8   0x0000005a   Code   RO          309    .text.HAL_PCD_EP_Receive  stm32f1xx_hal_pcd.o
    0x08002b52   0x08002b52   0x00000002   PAD
    0x08002b54   0x08002b54   0x000000dc   Code   RO          315    .text.HAL_PCD_EP_SetStall  stm32f1xx_hal_pcd.o
    0x08002c30   0x08002c30   0x00000066   Code   RO          313    .text.HAL_PCD_EP_Transmit  stm32f1xx_hal_pcd.o
    0x08002c96   0x08002c96   0x00000002   PAD
    0x08002c98   0x08002c98   0x00000204   Code   RO          271    .text.HAL_PCD_IRQHandler  stm32f1xx_hal_pcd.o
    0x08002e9c   0x08002e9c   0x00000204   Code   RO          259    .text.HAL_PCD_Init  stm32f1xx_hal_pcd.o
    0x080030a0   0x080030a0   0x0000004e   Code   RO          173    .text.HAL_PCD_MspInit  usbd_conf.o
    0x080030ee   0x080030ee   0x00000002   PAD
    0x080030f0   0x080030f0   0x00000038   Code   RO          185    .text.HAL_PCD_ResetCallback  usbd_conf.o
    0x08003128   0x08003128   0x00000014   Code   RO          189    .text.HAL_PCD_ResumeCallback  usbd_conf.o
    0x0800313c   0x0800313c   0x00000014   Code   RO          183    .text.HAL_PCD_SOFCallback  usbd_conf.o
    0x08003150   0x08003150   0x0000005c   Code   RO          277    .text.HAL_PCD_SetAddress  stm32f1xx_hal_pcd.o
    0x080031ac   0x080031ac   0x00000018   Code   RO          177    .text.HAL_PCD_SetupStageCallback  usbd_conf.o
    0x080031c4   0x080031c4   0x0000005c   Code   RO          267    .text.HAL_PCD_Start  stm32f1xx_hal_pcd.o
    0x08003220   0x08003220   0x0000002e   Code   RO          187    .text.HAL_PCD_SuspendCallback  usbd_conf.o
    0x0800324e   0x0800324e   0x00000002   PAD
    0x08003250   0x08003250   0x000001c8   Code   RO          517    .text.HAL_RCCEx_PeriphCLKConfig  stm32f1xx_hal_rcc_ex.o
    0x08003418   0x08003418   0x00000256   Code   RO          484    .text.HAL_RCC_ClockConfig  stm32f1xx_hal_rcc.o
    0x0800366e   0x0800366e   0x00000002   PAD
    0x08003670   0x08003670   0x0000000c   Code   RO          494    .text.HAL_RCC_GetHCLKFreq  stm32f1xx_hal_rcc.o
    0x0800367c   0x0800367c   0x00000022   Code   RO          496    .text.HAL_RCC_GetPCLK1Freq  stm32f1xx_hal_rcc.o
    0x0800369e   0x0800369e   0x00000002   PAD
    0x080036a0   0x080036a0   0x00000022   Code   RO          498    .text.HAL_RCC_GetPCLK2Freq  stm32f1xx_hal_rcc.o
    0x080036c2   0x080036c2   0x00000002   PAD
    0x080036c4   0x080036c4   0x000000bc   Code   RO          486    .text.HAL_RCC_GetSysClockFreq  stm32f1xx_hal_rcc.o
    0x08003780   0x08003780   0x0000067a   Code   RO          480    .text.HAL_RCC_OscConfig  stm32f1xx_hal_rcc.o
    0x08003dfa   0x08003dfa   0x00000002   PAD
    0x08003dfc   0x08003dfc   0x000000fa   Code   RO          796    .text.HAL_SPI_Init  stm32f1xx_hal_spi.o
    0x08003ef6   0x08003ef6   0x00000002   PAD
    0x08003ef8   0x08003ef8   0x00000094   Code   RO           38    .text.HAL_SPI_MspInit  spi.o
    0x08003f8c   0x08003f8c   0x000003a2   Code   RO          810    .text.HAL_SPI_TransmitReceive  stm32f1xx_hal_spi.o
    0x0800432e   0x0800432e   0x00000002   PAD
    0x08004330   0x08004330   0x00000010   Code   RO          612    .text.HAL_SYSTICK_Config  stm32f1xx_hal_cortex.o
    0x08004340   0x08004340   0x0000009e   Code   RO          913    .text.HAL_UART_Init  stm32f1xx_hal_uart.o
    0x080043de   0x080043de   0x00000002   PAD
    0x080043e0   0x080043e0   0x00000098   Code   RO           52    .text.HAL_UART_MspInit  usart.o
    0x08004478   0x08004478   0x00000130   Code   RO          929    .text.HAL_UART_Transmit  stm32f1xx_hal_uart.o
    0x080045a8   0x080045a8   0x00000004   Code   RO           66    .text.HardFault_Handler  stm32f1xx_it.o
    0x080045ac   0x080045ac   0x0000007a   Code   RO          138    .text.IntToUnicode  usbd_desc.o
    0x08004626   0x08004626   0x00000002   PAD
    0x08004628   0x08004628   0x0000007c   Code   RO           28    .text.MX_GPIO_Init  gpio.o
    0x080046a4   0x080046a4   0x00000052   Code   RO           36    .text.MX_SPI1_Init  spi.o
    0x080046f6   0x080046f6   0x00000002   PAD
    0x080046f8   0x080046f8   0x00000040   Code   RO           50    .text.MX_USART1_UART_Init  usart.o
    0x08004738   0x08004738   0x00000076   Code   RO          113    .text.MX_USB_DEVICE_Init  usb_device.o
    0x080047ae   0x080047ae   0x00000002   PAD
    0x080047b0   0x080047b0   0x00000004   Code   RO           68    .text.MemManage_Handler  stm32f1xx_it.o
    0x080047b4   0x080047b4   0x00000004   Code   RO           64    .text.NMI_Handler   stm32f1xx_it.o
    0x080047b8   0x080047b8   0x0000006c   Code   RO          598    .text.NVIC_EncodePriority  stm32f1xx_hal_cortex.o
    0x08004824   0x08004824   0x0000070c   Code   RO          273    .text.PCD_EP_ISR_Handler  stm32f1xx_hal_pcd.o
    0x08004f30   0x08004f30   0x00000002   Code   RO           78    .text.PendSV_Handler  stm32f1xx_it.o
    0x08004f32   0x08004f32   0x00000002   PAD
    0x08004f34   0x08004f34   0x0000003a   Code   RO          482    .text.RCC_Delay     stm32f1xx_hal_rcc.o
    0x08004f6e   0x08004f6e   0x00000002   PAD
    0x08004f70   0x08004f70   0x0000006a   Code   RO          806    .text.SPI_EndRxTxTransaction  stm32f1xx_hal_spi.o
    0x08004fda   0x08004fda   0x00000002   PAD
    0x08004fdc   0x08004fdc   0x0000012a   Code   RO          904    .text.SPI_WaitFlagStateUntilTimeout  stm32f1xx_hal_spi.o
    0x08005106   0x08005106   0x00000002   PAD
    0x08005108   0x08005108   0x00000002   Code   RO           74    .text.SVC_Handler   stm32f1xx_it.o
    0x0800510a   0x0800510a   0x00000002   PAD
    0x0800510c   0x0800510c   0x00000052   Code   RO          614    .text.SysTick_Config  stm32f1xx_hal_cortex.o
    0x0800515e   0x0800515e   0x00000002   PAD
    0x08005160   0x08005160   0x00000008   Code   RO           80    .text.SysTick_Handler  stm32f1xx_it.o
    0x08005168   0x08005168   0x00000092   Code   RO           13    .text.SystemClock_Config  main.o
    0x080051fa   0x080051fa   0x00000002   PAD
    0x080051fc   0x080051fc   0x00000002   Code   RO         1044    .text.SystemInit    system_stm32f1xx.o
    0x080051fe   0x080051fe   0x00000002   PAD
    0x08005200   0x08005200   0x00000094   Code   RO          961    .text.UART_EndRxTransfer  stm32f1xx_hal_uart.o
    0x08005294   0x08005294   0x000000ba   Code   RO          917    .text.UART_SetConfig  stm32f1xx_hal_uart.o
    0x0800534e   0x0800534e   0x00000002   PAD
    0x08005350   0x08005350   0x000000da   Code   RO          931    .text.UART_WaitOnFlagUntilTimeout  stm32f1xx_hal_uart.o
    0x0800542a   0x0800542a   0x00000002   PAD
    0x0800542c   0x0800542c   0x0000009e   Code   RO         1170    .text.USBD_CDC_DataIn  usbd_cdc.o
    0x080054ca   0x080054ca   0x00000002   PAD
    0x080054cc   0x080054cc   0x00000058   Code   RO         1172    .text.USBD_CDC_DataOut  usbd_cdc.o
    0x08005524   0x08005524   0x0000006e   Code   RO         1164    .text.USBD_CDC_DeInit  usbd_cdc.o
    0x08005592   0x08005592   0x00000002   PAD
    0x08005594   0x08005594   0x00000048   Code   RO         1168    .text.USBD_CDC_EP0_RxReady  usbd_cdc.o
    0x080055dc   0x080055dc   0x00000016   Code   RO         1180    .text.USBD_CDC_GetDeviceQualifierDescriptor  usbd_cdc.o
    0x080055f2   0x080055f2   0x00000002   PAD
    0x080055f4   0x080055f4   0x00000016   Code   RO         1176    .text.USBD_CDC_GetFSCfgDesc  usbd_cdc.o
    0x0800560a   0x0800560a   0x00000002   PAD
    0x0800560c   0x0800560c   0x00000016   Code   RO         1174    .text.USBD_CDC_GetHSCfgDesc  usbd_cdc.o
    0x08005622   0x08005622   0x00000002   PAD
    0x08005624   0x08005624   0x00000016   Code   RO         1178    .text.USBD_CDC_GetOtherSpeedCfgDesc  usbd_cdc.o
    0x0800563a   0x0800563a   0x00000002   PAD
    0x0800563c   0x0800563c   0x000000fc   Code   RO         1162    .text.USBD_CDC_Init  usbd_cdc.o
    0x08005738   0x08005738   0x0000005e   Code   RO         1190    .text.USBD_CDC_ReceivePacket  usbd_cdc.o
    0x08005796   0x08005796   0x00000002   PAD
    0x08005798   0x08005798   0x0000002a   Code   RO         1182    .text.USBD_CDC_RegisterInterface  usbd_cdc.o
    0x080057c2   0x080057c2   0x00000002   PAD
    0x080057c4   0x080057c4   0x0000001c   Code   RO         1186    .text.USBD_CDC_SetRxBuffer  usbd_cdc.o
    0x080057e0   0x080057e0   0x0000002a   Code   RO         1184    .text.USBD_CDC_SetTxBuffer  usbd_cdc.o
    0x0800580a   0x0800580a   0x00000002   PAD
    0x0800580c   0x0800580c   0x0000015e   Code   RO         1166    .text.USBD_CDC_Setup  usbd_cdc.o
    0x0800596a   0x0800596a   0x00000002   PAD
    0x0800596c   0x0800596c   0x0000001e   Code   RO         1072    .text.USBD_ClrClassConfig  usbd_core.o
    0x0800598a   0x0800598a   0x00000002   PAD
    0x0800598c   0x0800598c   0x00000040   Code   RO         1119    .text.USBD_ClrFeature  usbd_ctlreq.o
    0x080059cc   0x080059cc   0x00000022   Code   RO         1147    .text.USBD_CtlContinueRx  usbd_ioreq.o
    0x080059ee   0x080059ee   0x00000002   PAD
    0x080059f0   0x080059f0   0x00000022   Code   RO         1143    .text.USBD_CtlContinueSendData  usbd_ioreq.o
    0x08005a12   0x08005a12   0x00000002   PAD
    0x08005a14   0x08005a14   0x0000001c   Code   RO         1121    .text.USBD_CtlError  usbd_ctlreq.o
    0x08005a30   0x08005a30   0x0000003e   Code   RO         1145    .text.USBD_CtlPrepareRx  usbd_ioreq.o
    0x08005a6e   0x08005a6e   0x00000002   PAD
    0x08005a70   0x08005a70   0x00000022   Code   RO         1151    .text.USBD_CtlReceiveStatus  usbd_ioreq.o
    0x08005a92   0x08005a92   0x00000002   PAD
    0x08005a94   0x08005a94   0x0000003a   Code   RO         1141    .text.USBD_CtlSendData  usbd_ioreq.o
    0x08005ace   0x08005ace   0x00000002   PAD
    0x08005ad0   0x08005ad0   0x00000022   Code   RO         1149    .text.USBD_CtlSendStatus  usbd_ioreq.o
    0x08005af2   0x08005af2   0x00000002   PAD
    0x08005af4   0x08005af4   0x0000004e   Code   RO          132    .text.USBD_FS_ConfigStrDescriptor  usbd_desc.o
    0x08005b42   0x08005b42   0x00000002   PAD
    0x08005b44   0x08005b44   0x0000001a   Code   RO          122    .text.USBD_FS_DeviceDescriptor  usbd_desc.o
    0x08005b5e   0x08005b5e   0x00000002   PAD
    0x08005b60   0x08005b60   0x0000004e   Code   RO          134    .text.USBD_FS_InterfaceStrDescriptor  usbd_desc.o
    0x08005bae   0x08005bae   0x00000002   PAD
    0x08005bb0   0x08005bb0   0x0000001a   Code   RO          124    .text.USBD_FS_LangIDStrDescriptor  usbd_desc.o
    0x08005bca   0x08005bca   0x00000002   PAD
    0x08005bcc   0x08005bcc   0x00000028   Code   RO          126    .text.USBD_FS_ManufacturerStrDescriptor  usbd_desc.o
    0x08005bf4   0x08005bf4   0x0000004e   Code   RO          128    .text.USBD_FS_ProductStrDescriptor  usbd_desc.o
    0x08005c42   0x08005c42   0x00000002   PAD
    0x08005c44   0x08005c44   0x00000020   Code   RO          130    .text.USBD_FS_SerialStrDescriptor  usbd_desc.o
    0x08005c64   0x08005c64   0x00000064   Code   RO         1113    .text.USBD_GetConfig  usbd_ctlreq.o
    0x08005cc8   0x08005cc8   0x000002d6   Code   RO         1107    .text.USBD_GetDescriptor  usbd_ctlreq.o
    0x08005f9e   0x08005f9e   0x00000002   PAD
    0x08005fa0   0x08005fa0   0x0000002e   Code   RO         1131    .text.USBD_GetLen   usbd_ctlreq.o
    0x08005fce   0x08005fce   0x00000002   PAD
    0x08005fd0   0x08005fd0   0x00000062   Code   RO         1115    .text.USBD_GetStatus  usbd_ctlreq.o
    0x08006032   0x08006032   0x00000002   PAD
    0x08006034   0x08006034   0x00000082   Code   RO         1129    .text.USBD_GetString  usbd_ctlreq.o
    0x080060b6   0x080060b6   0x00000002   PAD
    0x080060b8   0x080060b8   0x00000052   Code   RO          203    .text.USBD_Get_USB_Status  usbd_conf.o
    0x0800610a   0x0800610a   0x00000002   PAD
    0x0800610c   0x0800610c   0x00000064   Code   RO         1058    .text.USBD_Init     usbd_core.o
    0x08006170   0x08006170   0x0000003a   Code   RO          217    .text.USBD_LL_ClearStallEP  usbd_conf.o
    0x080061aa   0x080061aa   0x00000002   PAD
    0x080061ac   0x080061ac   0x0000003a   Code   RO          211    .text.USBD_LL_CloseEP  usbd_conf.o
    0x080061e6   0x080061e6   0x00000002   PAD
    0x080061e8   0x080061e8   0x00000162   Code   RO         1078    .text.USBD_LL_DataInStage  usbd_core.o
    0x0800634a   0x0800634a   0x00000002   PAD
    0x0800634c   0x0800634c   0x00000102   Code   RO         1076    .text.USBD_LL_DataOutStage  usbd_core.o
    0x0800644e   0x0800644e   0x00000002   PAD
    0x08006450   0x08006450   0x0000001c   Code   RO          227    .text.USBD_LL_GetRxDataSize  usbd_conf.o
    0x0800646c   0x0800646c   0x000000a0   Code   RO          199    .text.USBD_LL_Init  usbd_conf.o
    0x0800650c   0x0800650c   0x0000005a   Code   RO          219    .text.USBD_LL_IsStallEP  usbd_conf.o
    0x08006566   0x08006566   0x00000002   PAD
    0x08006568   0x08006568   0x0000004a   Code   RO          209    .text.USBD_LL_OpenEP  usbd_conf.o
    0x080065b2   0x080065b2   0x00000002   PAD
    0x080065b4   0x080065b4   0x00000046   Code   RO          225    .text.USBD_LL_PrepareReceive  usbd_conf.o
    0x080065fa   0x080065fa   0x00000002   PAD
    0x080065fc   0x080065fc   0x00000074   Code   RO         1080    .text.USBD_LL_Reset  usbd_core.o
    0x08006670   0x08006670   0x00000022   Code   RO         1086    .text.USBD_LL_Resume  usbd_core.o
    0x08006692   0x08006692   0x00000002   PAD
    0x08006694   0x08006694   0x00000032   Code   RO         1088    .text.USBD_LL_SOF   usbd_core.o
    0x080066c6   0x080066c6   0x00000002   PAD
    0x080066c8   0x080066c8   0x00000016   Code   RO         1082    .text.USBD_LL_SetSpeed  usbd_core.o
    0x080066de   0x080066de   0x00000002   PAD
    0x080066e0   0x080066e0   0x0000003a   Code   RO          221    .text.USBD_LL_SetUSBAddress  usbd_conf.o
    0x0800671a   0x0800671a   0x00000002   PAD
    0x0800671c   0x0800671c   0x00000082   Code   RO         1074    .text.USBD_LL_SetupStage  usbd_core.o
    0x0800679e   0x0800679e   0x00000002   PAD
    0x080067a0   0x080067a0   0x0000003a   Code   RO          215    .text.USBD_LL_StallEP  usbd_conf.o
    0x080067da   0x080067da   0x00000002   PAD
    0x080067dc   0x080067dc   0x00000032   Code   RO          205    .text.USBD_LL_Start  usbd_conf.o
    0x0800680e   0x0800680e   0x00000002   PAD
    0x08006810   0x08006810   0x0000001c   Code   RO         1084    .text.USBD_LL_Suspend  usbd_core.o
    0x0800682c   0x0800682c   0x00000046   Code   RO          223    .text.USBD_LL_Transmit  usbd_conf.o
    0x08006872   0x08006872   0x00000002   PAD
    0x08006874   0x08006874   0x00000044   Code   RO         1127    .text.USBD_ParseSetupRequest  usbd_ctlreq.o
    0x080068b8   0x080068b8   0x00000032   Code   RO         1062    .text.USBD_RegisterClass  usbd_core.o
    0x080068ea   0x080068ea   0x00000002   PAD
    0x080068ec   0x080068ec   0x0000000a   Code   RO         1068    .text.USBD_RunTestMode  usbd_core.o
    0x080068f6   0x080068f6   0x00000002   PAD
    0x080068f8   0x080068f8   0x0000008c   Code   RO         1109    .text.USBD_SetAddress  usbd_ctlreq.o
    0x08006984   0x08006984   0x0000003e   Code   RO         1070    .text.USBD_SetClassConfig  usbd_core.o
    0x080069c2   0x080069c2   0x00000002   PAD
    0x080069c4   0x080069c4   0x00000138   Code   RO         1111    .text.USBD_SetConfig  usbd_ctlreq.o
    0x08006afc   0x08006afc   0x00000026   Code   RO         1117    .text.USBD_SetFeature  usbd_ctlreq.o
    0x08006b22   0x08006b22   0x00000002   PAD
    0x08006b24   0x08006b24   0x00000012   Code   RO         1064    .text.USBD_Start    usbd_core.o
    0x08006b36   0x08006b36   0x00000002   PAD
    0x08006b38   0x08006b38   0x000000bc   Code   RO         1105    .text.USBD_StdDevReq  usbd_ctlreq.o
    0x08006bf4   0x08006bf4   0x00000336   Code   RO         1125    .text.USBD_StdEPReq  usbd_ctlreq.o
    0x08006f2a   0x08006f2a   0x00000002   PAD
    0x08006f2c   0x08006f2c   0x00000098   Code   RO         1123    .text.USBD_StdItfReq  usbd_ctlreq.o
    0x08006fc4   0x08006fc4   0x00000008   Code   RO          233    .text.USBD_static_free  usbd_conf.o
    0x08006fcc   0x08006fcc   0x00000010   Code   RO          231    .text.USBD_static_malloc  usbd_conf.o
    0x08006fdc   0x08006fdc   0x00000696   Code   RO          369    .text.USB_ActivateEndpoint  stm32f1xx_ll_usb.o
    0x08007672   0x08007672   0x00000002   PAD
    0x08007674   0x08007674   0x00000020   Code   RO          355    .text.USB_CoreInit  stm32f1xx_ll_usb.o
    0x08007694   0x08007694   0x00000360   Code   RO          371    .text.USB_DeactivateEndpoint  stm32f1xx_ll_usb.o
    0x080079f4   0x080079f4   0x0000000a   Code   RO          387    .text.USB_DevConnect  stm32f1xx_ll_usb.o
    0x080079fe   0x080079fe   0x00000002   PAD
    0x08007a00   0x08007a00   0x0000000a   Code   RO          389    .text.USB_DevDisconnect  stm32f1xx_ll_usb.o
    0x08007a0a   0x08007a0a   0x00000002   PAD
    0x08007a0c   0x08007a0c   0x0000003a   Code   RO          363    .text.USB_DevInit   stm32f1xx_ll_usb.o
    0x08007a46   0x08007a46   0x00000002   PAD
    0x08007a48   0x08007a48   0x0000001e   Code   RO          359    .text.USB_DisableGlobalInt  stm32f1xx_ll_usb.o
    0x08007a66   0x08007a66   0x00000002   PAD
    0x08007a68   0x08007a68   0x0000000c   Code   RO          403    .text.USB_EP0_OutStart  stm32f1xx_ll_usb.o
    0x08007a74   0x08007a74   0x00000148   Code   RO          379    .text.USB_EPClearStall  stm32f1xx_ll_usb.o
    0x08007bbc   0x08007bbc   0x00000088   Code   RO          377    .text.USB_EPSetStall  stm32f1xx_ll_usb.o
    0x08007c44   0x08007c44   0x00000e16   Code   RO          373    .text.USB_EPStartXfer  stm32f1xx_ll_usb.o
    0x08008a5a   0x08008a5a   0x00000002   PAD
    0x08008a5c   0x08008a5c   0x0000001e   Code   RO          357    .text.USB_EnableGlobalInt  stm32f1xx_ll_usb.o
    0x08008a7a   0x08008a7a   0x00000002   PAD
    0x08008a7c   0x08008a7c   0x00000010   Code   RO           82    .text.USB_LP_CAN1_RX0_IRQHandler  stm32f1xx_it.o
    0x08008a8c   0x08008a8c   0x00000012   Code   RO          391    .text.USB_ReadInterrupts  stm32f1xx_ll_usb.o
    0x08008a9e   0x08008a9e   0x00000002   PAD
    0x08008aa0   0x08008aa0   0x0000008c   Code   RO          409    .text.USB_ReadPMA   stm32f1xx_ll_usb.o
    0x08008b2c   0x08008b2c   0x0000000e   Code   RO          361    .text.USB_SetCurrentMode  stm32f1xx_ll_usb.o
    0x08008b3a   0x08008b3a   0x00000002   PAD
    0x08008b3c   0x08008b3c   0x00000020   Code   RO          385    .text.USB_SetDevAddress  stm32f1xx_ll_usb.o
    0x08008b5c   0x08008b5c   0x00000082   Code   RO          375    .text.USB_WritePMA  stm32f1xx_ll_usb.o
    0x08008bde   0x08008bde   0x00000002   PAD
    0x08008be0   0x08008be0   0x00000004   Code   RO           72    .text.UsageFault_Handler  stm32f1xx_it.o
    0x08008be4   0x08008be4   0x00000030   Code   RO          602    .text.__NVIC_EnableIRQ  stm32f1xx_hal_cortex.o
    0x08008c14   0x08008c14   0x00000010   Code   RO          594    .text.__NVIC_GetPriorityGrouping  stm32f1xx_hal_cortex.o
    0x08008c24   0x08008c24   0x00000042   Code   RO          596    .text.__NVIC_SetPriority  stm32f1xx_hal_cortex.o
    0x08008c66   0x08008c66   0x00000002   PAD
    0x08008c68   0x08008c68   0x0000003c   Code   RO          590    .text.__NVIC_SetPriorityGrouping  stm32f1xx_hal_cortex.o
    0x08008ca4   0x08008ca4   0x00000104   Code   RO           11    .text.main          main.o
    0x08008da8   0x08008da8   0x0000003e   Code   RO         1372    CL$$btod_d2e        c_w.l(btod.o)
    0x08008de6   0x08008de6   0x00000046   Code   RO         1374    CL$$btod_d2e_denorm_low  c_w.l(btod.o)
    0x08008e2c   0x08008e2c   0x00000060   Code   RO         1373    CL$$btod_d2e_norm_op1  c_w.l(btod.o)
    0x08008e8c   0x08008e8c   0x00000338   Code   RO         1382    CL$$btod_div_common  c_w.l(btod.o)
    0x080091c4   0x080091c4   0x000000dc   Code   RO         1379    CL$$btod_e2e        c_w.l(btod.o)
    0x080092a0   0x080092a0   0x0000002a   Code   RO         1376    CL$$btod_ediv       c_w.l(btod.o)
    0x080092ca   0x080092ca   0x0000002a   Code   RO         1375    CL$$btod_emul       c_w.l(btod.o)
    0x080092f4   0x080092f4   0x00000244   Code   RO         1381    CL$$btod_mult_common  c_w.l(btod.o)
    0x08009538   0x08009538   0x00000028   Code   RO         1414    i.__ARM_fpclassify  m_ws.l(fpclassify.o)
    0x08009560   0x08009560   0x0000000e   Code   RO         1280    i._is_digit         c_w.l(__printf_wp.o)
    0x0800956e   0x0800956e   0x00000002   PAD
    0x08009570   0x08009570   0x0000002c   Code   RO         1397    locale$$code        c_w.l(lc_numeric_c.o)
    0x0800959c   0x0800959c   0x0000002c   Code   RO         1426    locale$$code        c_w.l(lc_ctype_c.o)
    0x080095c8   0x080095c8   0x00000004   Code   RO         1313    x$fpl$printf1       fz_ws.l(printf1.o)
    0x080095cc   0x080095cc   0x00000004   Code   RO         1315    x$fpl$printf2       fz_ws.l(printf2.o)
    0x080095d0   0x080095d0   0x00000000   Code   RO         1413    x$fpl$usenofp       fz_ws.l(usenofp.o)
    0x080095d0   0x080095d0   0x00000008   Data   RO         1239    .constdata          c_w.l(_printf_wctomb.o)
    0x080095d8   0x080095d8   0x00000028   Data   RO         1268    .constdata          c_w.l(_printf_hex_int_ll_ptr.o)
    0x08009600   0x08009600   0x00000011   Data   RO         1288    .constdata          c_w.l(__printf_flags_ss_wp.o)
    0x08009611   0x08009611   0x00000026   Data   RO         1347    .constdata          c_w.l(_printf_fp_hex.o)
    0x08009637   0x08009637   0x00000001   PAD
    0x08009638   0x08009638   0x00000094   Data   RO         1370    .constdata          c_w.l(bigflt0.o)
    0x080096cc   0x080096cc   0x00000010   Data   RO         1049    .rodata.AHBPrescTable  system_stm32f1xx.o
    0x080096dc   0x080096dc   0x00000008   Data   RO         1050    .rodata.APBPrescTable  system_stm32f1xx.o
    0x080096e4   0x080096e4   0x00000010   Data   RO          508    .rodata.HAL_RCC_GetSysClockFreq.aPLLMULFactorTable  stm32f1xx_hal_rcc.o
    0x080096f4   0x080096f4   0x00000002   Data   RO          509    .rodata.HAL_RCC_GetSysClockFreq.aPredivFactorTable  stm32f1xx_hal_rcc.o
    0x080096f6   0x080096f6   0x00000038   Data   RO           18    .rodata.str1.1      main.o
    0x0800972e   0x0800972e   0x00000042   Data   RO          144    .rodata.str1.1      usbd_desc.o
    0x08009770   0x08009770   0x00000020   Data   RO         1561    Region$$Table       anon$$obj.o
    0x08009790   0x08009790   0x0000001c   Data   RO         1396    locale$$data        c_w.l(lc_numeric_c.o)
    0x080097ac   0x080097ac   0x00000110   Data   RO         1425    locale$$data        c_w.l(lc_ctype_c.o)


    Execution Region RW_IRAM1 (Exec base: 0x20000000, Load base: 0x080098c0, Size: 0x00001aa0, Max: 0x00005000, ABSOLUTE, COMPRESSED[0x000000d8])

    Exec Addr    Load Addr    Size         Type   Attr      Idx    E Section Name        Object

    0x20000000   COMPRESSED   0x0000001c   Data   RW          140    .data.FS_Desc       usbd_desc.o
    0x2000001c   COMPRESSED   0x00000004   Data   RW         1048    .data.SystemCoreClock  system_stm32f1xx.o
    0x20000020   COMPRESSED   0x00000038   Data   RW         1192    .data.USBD_CDC      usbd_cdc.o
    0x20000058   COMPRESSED   0x00000043   Data   RW         1194    .data.USBD_CDC_CfgFSDesc  usbd_cdc.o
    0x2000009b   COMPRESSED   0x00000001   PAD
    0x2000009c   COMPRESSED   0x00000043   Data   RW         1193    .data.USBD_CDC_CfgHSDesc  usbd_cdc.o
    0x200000df   COMPRESSED   0x00000001   PAD
    0x200000e0   COMPRESSED   0x0000000a   Data   RW         1196    .data.USBD_CDC_DeviceQualifierDesc  usbd_cdc.o
    0x200000ea   COMPRESSED   0x00000002   PAD
    0x200000ec   COMPRESSED   0x00000043   Data   RW         1195    .data.USBD_CDC_OtherSpeedCfgDesc  usbd_cdc.o
    0x2000012f   COMPRESSED   0x00000001   PAD
    0x20000130   COMPRESSED   0x00000012   Data   RW          141    .data.USBD_FS_DeviceDesc  usbd_desc.o
    0x20000142   COMPRESSED   0x00000002   PAD
    0x20000144   COMPRESSED   0x00000010   Data   RW          163    .data.USBD_Interface_fops_FS  usbd_cdc_if.o
    0x20000154   COMPRESSED   0x00000004   Data   RW          142    .data.USBD_LangIDDesc  usbd_desc.o
    0x20000158   COMPRESSED   0x0000001a   Data   RW          143    .data.USBD_StringSerial  usbd_desc.o
    0x20000172   COMPRESSED   0x00000012   Data   RW          105    .data.reg_config    dac5688.o
    0x20000184   COMPRESSED   0x00000001   Data   RW          469    .data.uwTickFreq    stm32f1xx_hal.o
    0x20000185   COMPRESSED   0x00000003   PAD
    0x20000188   COMPRESSED   0x00000004   Data   RW          468    .data.uwTickPrio    stm32f1xx_hal.o
    0x2000018c   COMPRESSED   0x00000004   PAD
    0x20000190        -       0x00000060   Zero   RW         1417    .bss                c_w.l(libspace.o)
    0x200001f0        -       0x00000001   Zero   RW         1133    .bss.USBD_SetConfig.cfgidx  usbd_ctlreq.o
    0x200001f1   COMPRESSED   0x00000003   PAD
    0x200001f4        -       0x00000200   Zero   RW          145    .bss.USBD_StrDesc   usbd_desc.o
    0x200003f4        -       0x00000220   Zero   RW          238    .bss.USBD_static_malloc.mem  usbd_conf.o
    0x20000614        -       0x00000400   Zero   RW          164    .bss.UserRxBufferFS  usbd_cdc_if.o
    0x20000a14        -       0x00000400   Zero   RW          165    .bss.UserTxBufferFS  usbd_cdc_if.o
    0x20000e14        -       0x0000000c   Zero   RW           19    .bss.dac            main.o
    0x20000e20        -       0x000002c4   Zero   RW          115    .bss.hUsbDeviceFS   usb_device.o
    0x200010e4        -       0x000002d8   Zero   RW          237    .bss.hpcd_USB_FS    usbd_conf.o
    0x200013bc        -       0x00000058   Zero   RW           42    .bss.hspi1          spi.o
    0x20001414        -       0x00000048   Zero   RW           56    .bss.huart1         usart.o
    0x2000145c        -       0x00000040   Zero   RW           17    .bss.uart_tx_buf    main.o
    0x2000149c        -       0x00000004   Zero   RW          470    .bss.uwTick         stm32f1xx_hal.o
    0x200014a0        -       0x00000200   Zero   RW            2    HEAP                startup_stm32f103xb.o
    0x200016a0        -       0x00000400   Zero   RW            1    STACK               startup_stm32f103xb.o


==============================================================================

Image component sizes


      Code (inc. data)   RO Data    RW Data    ZI Data      Debug   Object Name

       702          0          0         18          0       4842   dac5688.o
       124          0          0          0          0       1605   gpio.o
       420          0         56          0         76       4966   main.o
       230          0          0          0         88       4217   spi.o
        64         26        236          0       1536        800   startup_stm32f103xb.o
       254          0          0          5          4       5862   stm32f1xx_hal.o
       482          0          0          0          0       7792   stm32f1xx_hal_cortex.o
       844          0          0          0          0       4470   stm32f1xx_hal_gpio.o
       100          0          0          0          0       1276   stm32f1xx_hal_msp.o
      6428          0          0          0          0      14269   stm32f1xx_hal_pcd.o
       122          0          0          0          0       4299   stm32f1xx_hal_pcd_ex.o
      2582          0         18          0          0       7671   stm32f1xx_hal_rcc.o
       456          0          0          0          0       3368   stm32f1xx_hal_rcc_ex.o
      1584          0          0          0          0      19177   stm32f1xx_hal_spi.o
      1014          0          0          0          0      20297   stm32f1xx_hal_uart.o
        50          0          0          0          0       1114   stm32f1xx_it.o
      7136          4          0          0          0      12189   stm32f1xx_ll_usb.o
         2          0         24          4          0       1645   system_stm32f1xx.o
       216          0          0          0         72       4228   usart.o
       118          0          0          0        708       2920   usb_device.o
      1324          0          0        267          0       9532   usbd_cdc.o
       182         36          0         16       2048       2500   usbd_cdc_if.o
      1228          4          0          0       1272      12747   usbd_conf.o
      1262          0          0          0          0       6784   usbd_core.o
      2912         30          0          0          1       7701   usbd_ctlreq.o
       572          0         66         76        512       3329   usbd_desc.o
       256          0          0          0          0       4086   usbd_ioreq.o

    ----------------------------------------------------------------------
     30860        100        432        396       6324     173686   Object Totals
         0          0         32          0          0          0   (incl. Generated)
       196          0          0         10          7          0   (incl. Padding)

    ----------------------------------------------------------------------

      Code (inc. data)   RO Data    RW Data    ZI Data      Debug   Library Member Name

        90          0          0          0          0          0   __dczerorl2.o
         8          0          0          0          0         68   __main.o
       392          4         17          0          0         92   __printf_flags_ss_wp.o
        14          0          0          0          0         68   __printf_wp.o
         0          0          0          0          0          0   __rtentry.o
        12          0          0          0          0          0   __rtentry2.o
         6          0          0          0          0          0   __rtentry4.o
        94          8          0          0          0          0   __scatter.o
        28          0          0          0          0          0   __scatter_zi.o
        72          0          0          0          0         96   _c16rtomb.o
         6          0          0          0          0          0   _printf_a.o
         6          0          0          0          0          0   _printf_c.o
        44          0          0          0          0        108   _printf_char.o
        48          6          0          0          0         96   _printf_char_common.o
        40          0          0          0          0         68   _printf_charcount.o
         6          0          0          0          0          0   _printf_d.o
       120         16          0          0          0         92   _printf_dec.o
         6          0          0          0          0          0   _printf_e.o
         6          0          0          0          0          0   _printf_f.o
      1052          0          0          0          0        148   _printf_fp_dec.o
       764          8         38          0          0        100   _printf_fp_hex.o
       128         16          0          0          0         84   _printf_fp_infnan.o
         6          0          0          0          0          0   _printf_g.o
       148          4         40          0          0        160   _printf_hex_int_ll_ptr.o
         6          0          0          0          0          0   _printf_i.o
       178          0          0          0          0         88   _printf_intcommon.o
        10          0          0          0          0          0   _printf_l.o
         6          0          0          0          0          0   _printf_lc.o
        10          0          0          0          0          0   _printf_ll.o
         6          0          0          0          0          0   _printf_lld.o
         6          0          0          0          0          0   _printf_lli.o
         6          0          0          0          0          0   _printf_llo.o
         6          0          0          0          0          0   _printf_llu.o
         6          0          0          0          0          0   _printf_llx.o
       124         16          0          0          0         92   _printf_longlong_dec.o
         6          0          0          0          0          0   _printf_ls.o
         6          0          0          0          0          0   _printf_n.o
         6          0          0          0          0          0   _printf_o.o
       112          8          0          0          0        124   _printf_oct_int_ll.o
         6          0          0          0          0          0   _printf_p.o
        78          0          0          0          0        108   _printf_pad.o
         0          0          0          0          0          0   _printf_percent.o
         4          0          0          0          0          0   _printf_percent_end.o
         6          0          0          0          0          0   _printf_s.o
        82          0          0          0          0         80   _printf_str.o
        36          0          0          0          0         84   _printf_truncate.o
         6          0          0          0          0          0   _printf_u.o
        44          0          0          0          0        108   _printf_wchar.o
       188          6          8          0          0         92   _printf_wctomb.o
         6          0          0          0          0          0   _printf_x.o
        10          0          0          0          0         68   _sputc.o
       228          4        148          0          0         96   bigflt0.o
      1936        128          0          0          0        668   btod.o
        18          0          0          0          0         80   exit.o
         6          0          0          0          0        152   heapauxi.o
         0          0          0          0          0          0   indicate_semi.o
        44         10        272          0          0         76   lc_ctype_c.o
        44         10         28          0          0         76   lc_numeric_c.o
         2          0          0          0          0          0   libinit.o
        30          0          0          0          0          0   libinit2.o
         2          0          0          0          0          0   libshutdown.o
         2          0          0          0          0          0   libshutdown2.o
         8          4          0          0         96         68   libspace.o
       138          0          0          0          0         80   lludiv10.o
       240          0          0          0          0        100   lludivv7m.o
        16          4          0          0          0         76   rt_ctype_table.o
         8          4          0          0          0         68   rt_locale_intlibspace.o
        78          0          0          0          0         80   rt_memclr_w.o
         2          0          0          0          0          0   rtexit.o
        10          0          0          0          0          0   rtexit2.o
        44          6          0          0          0         84   sprintf.o
       128          0          0          0          0         68   strcmpv7m.o
        62          0          0          0          0         76   strlen.o
        12          4          0          0          0         68   sys_exit.o
        74          0          0          0          0         80   sys_stackheap_outer.o
         2          0          0          0          0         68   use_no_semi.o
         4          0          0          0          0         68   printf1.o
         4          0          0          0          0         68   printf2.o
         0          0          0          0          0          0   usenofp.o
        40          0          0          0          0         68   fpclassify.o

    ----------------------------------------------------------------------
      7256        266        552          0         96       4292   Library Totals
        18          0          1          0          0          0   (incl. Padding)

    ----------------------------------------------------------------------

      Code (inc. data)   RO Data    RW Data    ZI Data      Debug   Library Name

      7190        266        551          0         96       4088   c_w.l
         8          0          0          0          0        136   fz_ws.l
        40          0          0          0          0         68   m_ws.l

    ----------------------------------------------------------------------
      7256        266        552          0         96       4292   Library Totals

    ----------------------------------------------------------------------

==============================================================================


      Code (inc. data)   RO Data    RW Data    ZI Data      Debug   

     38116        366        984        396       6420     175254   Grand Totals
     38116        366        984        216       6420     175254   ELF Image Totals (compressed)
     38116        366        984        216          0          0   ROM Totals

==============================================================================

    Total RO  Size (Code + RO Data)                39100 (  38.18kB)
    Total RW  Size (RW Data + ZI Data)              6816 (   6.66kB)
    Total ROM Size (Code + RO Data + RW Data)      39316 (  38.39kB)

==============================================================================

